198
8094 20
60545 45377 71006 23067 93440 20842 1374 78683 11852 94704 78843 49193 1500 81479 73942 34473 30386 98112 35485 44179
4550 20
61058 59736 40124 99066 36315 47679 63824 81175 24733 20036 72087 24544 8255 91085 3804 92481 48410 1788 75654 12180
2375 18
29920 68368 37447 20658 59676 34782 15912 50227 93719 7137 72883 10711 66067 7000 11564 23324 81737 72134
4387 20
58918 94306 31932 40894 87709 35950 67898 56953 13442 5374 25562 72096 9395 71236 65472 72884 58327 99666 78543 40262
5657 19
89115 21972 65475 21905 98308 78482 63238 800 64581 50827 69904 75887 92380 18454 80503 67741 78988 33281 73480
9045 18
13713 20061 78045 81167 86487 43068 19468 62787 19059 21167 54030 45335 21723 37302 69232 78288 82414 41506
5074 15
30193 59660 97818 86785 63890 82409 70063 83208 68450 61251 77968 15556 69540 24953 89090
8956 18
3498 46782 73689 91227 9315 291 2568 26004 15580 56070 12577 65517 87022 76363 75792 96869 68493 38723
5223 16
2024 857 35075 47308 64776 35068 91467 87350 46056 18425 34022 3233 91965 64037 3011 40050
6973 19
23983 77403 46445 12060 95609 53502 6542 81117 46200 37169 7409 77705 3243 27754 15418 39018 87416 90005 29035
1348 17
19371 53262 13098 39422 90465 58518 6111 27379 41574 65834 10838 56091 90943 73329 9142 55706 81953
8530 20
11503 81373 87719 5892 26138 53582 59089 88957 32631 2304 20859 16064 42760 19448 98024 99723 22968 96213 27044 82458
8353 15
88320 4831 97333 66026 20142 42951 33320 24142 68447 37692 92991 47077 56004 65754 16456
3301 20
25109 89106 1990 31788 96993 19561 8738 16442 40547 4023 4947 38908 19556 92476 2972 87044 71697 17449 35755 70229
1551 19
57630 56068 37223 9404 57225 8504 4790 2684 97317 68416 88606 44066 60973 97265 34746 12481 51535 41567 21609
7035 19
89701 11995 17806 62585 53107 89554 1982 9182 50440 70645 31940 52787 4977 3012 85829 57848 25082 34816 34166
3946 19
6548 23646 65033 20108 30765 36681 17013 65263 66385 40099 75106 34292 33586 93639 77853 61688 82457 82443 78060
967 20
99173 10985 2449 5029 16331 93616 1090 29897 18287 84364 8565 3996 21624 70236 5350 68912 59856 49327 95264 63556
218 19
7132 32818 67838 8005 15960 52929 54246 53609 97613 8535 27175 37074 19801 18636 69023 88327 32885 17283 88732
9737 19
71264 72656 84487 29563 41855 38358 66868 55201 14225 6091 67947 29742 58047 71043 29309 67536 86655 89434 48490
3097 19
57266 82331 13676 71563 92225 40235 19041 29906 92450 66179 52810 74931 1702 13331 25492 70755 37244 47402 15062
6263 20
29130 55483 87009 6859 94082 28689 63022 78035 17914 6514 65865 60147 55536 79926 55235 80246 84977 51412 37903 83442
4395 20
66605 93942 77725 91034 9978 90725 91851 84928 93784 48010 82899 80554 14023 68609 78663 12772 94303 69050 97933 19596
2320 18
14615 99893 37325 53624 83487 78351 55354 90177 69965 26836 53753 14302 68634 65986 4537 9827 35716 20327
5603 19
11639 18771 63919 44483 60253 68814 36033 91287 71466 50688 45866 18846 70731 39712 23256 15974 32625 49701 74338
7291 18
22361 46919 93667 5342 59060 94577 91141 97174 12393 35956 95184 41236 72354 95257 4819 29640 13447 2913
6020 19
38495 38747 65581 38092 37584 16329 6235 95373 7074 67998 25232 95225 141 35028 77779 46814 20367 55774 5209
3260 20
91237 89863 14826 96228 24043 55655 61791 39142 66299 43231 72765 74932 54925 76746 40396 45027 93053 64924 3875 15742
9522 17
85832 56013 35840 21616 51777 48867 94681 740 15853 30634 87099 255 83357 51413 19115 72021 31309
7164 20
16300 88532 51927 46932 93598 11034 22616 51026 11250 1665 26683 11969 92743 59655 89788 4667 15824 1126 32675 43695
6280 18
92838 60533 53935 9840 31711 1569 5760 1988 78099 97061 88319 96222 11328 24779 69032 7647 20010 15499
3237 18
36567 16577 89585 83166 63644 7821 87040 17647 94108 6908 7998 70021 47460 92729 71105 36768 37103 99790
2172 17
79309 81318 43889 71891 18753 13272 18601 70873 6364 62183 30440 73762 61584 94155 59150 86553 70909
9891 18
22756 5582 94423 38349 61811 39877 57647 73284 29469 12587 24455 14371 73420 99413 21999 25805 2305 30387
2846 19
86611 40708 41753 98739 75647 7492 20710 92210 65011 32465 95082 76610 19318 95158 13959 66593 68311 19006 52421
6350 19
91967 85008 12098 95651 74719 22137 90683 29478 88930 95079 28244 13595 80162 77825 51631 91017 93115 48297 81013
3781 20
88523 18807 22066 57694 53516 23043 78560 79803 95159 60123 20451 65990 20103 61465 41810 12040 62955 44084 89886 65909
5652 19
73136 23898 44694 81509 39031 94582 38269 51734 91764 97693 58335 87106 99574 2199 16201 1092 87386 33819 37983
8167 19
96255 6848 29009 2163 27999 67242 90719 39155 28798 44435 4232 46475 15702 53557 40883 8298 56027 78453 21517
4535 17
77091 28322 69520 66425 25667 36600 7516 58582 4879 96236 81877 23752 57008 17603 59703 30949 28816
6175 20
12358 60953 18537 10039 40408 6439 87538 74460 74707 67606 47858 96787 69334 26121 77856 38729 97980 564 84691 39664
4570 17
91782 11891 58232 63795 26278 28449 21977 53642 16651 53756 55839 18297 71029 14057 88480 11810 59802
9223 20
79117 19206 99925 16943 82751 60316 51677 91989 21969 76369 49304 8897 91480 65124 4591 65671 13571 65343 97985 39553
3662 19
65713 50043 18432 48127 73502 41705 40615 80168 93579 12482 3990 21703 35283 23001 47668 17295 20780 71904 46170
9767 17
72338 84385 95529 20734 51380 18458 87893 27427 64491 20073 49839 25318 87193 67431 49889 63897 65146
7608 17
87736 69553 20488 80796 53447 24036 44059 41725 25200 15482 41740 75706 91533 69723 52203 52173 25640
7032 20
34568 96107 41579 42464 54695 30311 21098 48961 61596 84395 34763 61497 30728 46771 42715 78592 62733 91493 84566 41860
9553 19
86467 60561 44997 10375 33033 42722 21529 87340 15090 73449 95899 66104 22578 84565 78814 64309 81772 45017 323
1065 19
77947 91882 87160 78289 73016 93966 56400 54970 9015 76483 33295 36080 88148 59899 39346 28543 50281 9836 95946
5871 20
20509 97376 60195 91276 52472 74943 59699 35879 89828 81484 37162 73504 281 86954 585 37461 25723 71203 49451 24136
4157 15
68094 59883 39684 70284 35334 97986 17168 28831 37339 69208 47907 63177 22244 67793 86438
244 18
43784 50970 51630 17087 65886 3219 38566 78929 48079 59760 45461 33480 93849 79996 51324 97936 79153 68514
714 16
6987 73018 54764 41524 88017 90886 84137 84719 5858 73695 74221 48880 22293 65944 30217 96317
9301 18
67723 44395 30646 19387 96527 9113 70067 50307 27443 21790 13415 73908 19744 51567 49583 70097 3302 43975
1560 15
15046 86410 8093 61019 70299 58576 54948 41689 8391 12591 48773 61302 9908 56873 23287
4557 20
13583 73277 3355 21060 89741 13495 44225 6434 66989 13292 10722 11372 45528 31542 96509 22731 75201 73791 38929 43129
5845 18
90038 73472 71256 27031 93562 427 8076 67884 60337 47640 55953 16532 41347 2749 80895 37128 2551 3521
1535 18
67447 58709 24974 82578 34440 49973 24453 2985 88028 83296 57572 75623 25470 52945 39256 17002 60589 63656
2968 17
55267 63168 61473 8916 71753 28951 41626 71591 73105 12497 36237 23012 84650 70397 26988 78106 50780
5945 18
84214 74593 87586 95886 91478 31570 2221 63513 17941 72324 91211 96121 998 61860 34211 93427 84304 22810
7584 17
39153 99672 8135 21488 40246 72986 64265 1783 75741 51486 18981 86386 23420 62506 71995 92705 17949
8256 20
68335 54117 25039 20292 3418 11487 99689 84839 7932 177 24371 81585 32691 41512 69869 72918 81915 12431 72819 70836
2597 16
26716 84153 5610 72811 23935 44459 17375 16824 20312 75780 61243 98077 31858 64656 18984 88061
9013 20
64716 79910 88859 28809 63012 56101 23750 45327 41657 52400 75957 97195 33431 73728 64041 46927 56551 49605 47364 92583
7108 15
54978 90784 99096 5157 7068 68338 52131 74552 6588 84838 48577 33285 12876 31126 17639
8478 20
38417 94645 49053 78108 67611 97875 44006 40213 79995 64612 28855 31619 67813 10235 33549 62304 97559 46171 2578 58018
9294 20
42080 72711 16973 96726 23597 68640 97076 42870 89243 7009 57516 37909 747 37479 48181 54341 59429 87581 33522 57295
8473 19
4403 20100 83805 33746 50900 41836 54599 11557 98284 85794 53910 25724 56569 75360 55368 85399 74788 50273 65237
4256 20
90718 67670 77955 69984 29091 50931 51468 73946 59251 68175 805 59528 28656 27314 96044 50621 14682 18564 64685 71393
5472 17
45597 405 80259 56427 35584 56462 38246 65485 44777 27775 93151 71276 25987 24615 61490 11374 11523
1215 19
11905 72463 66450 93761 76553 72157 32697 74238 4878 38052 92420 51428 38005 31267 67496 78323 3191 28288 87296
796 18
30917 67702 74751 766 67902 98229 67770 79494 84074 11127 75401 92666 51683 26682 28306 75981 64828 90739
3361 16
47416 67403 51374 92981 38025 79171 77554 3279 74536 20578 17232 79038 27075 59861 96936 31219
5928 20
6437 89184 42070 6800 73704 58680 98020 16327 30727 58003 9901 70381 92971 71629 93169 46283 2104 82890 89660 48786
1951 18
59554 55753 41440 39705 98783 83299 33701 81217 83788 18919 88141 85838 94659 49707 67655 77300 66316 98337
5523 19
74547 82572 20012 37009 89131 33580 80571 36834 40020 44354 48363 65454 67081 31078 64293 17531 95018 31675 18711
2802 20
50397 23499 96771 9668 8801 45811 22263 32041 24226 16711 84309 99840 82962 35866 99134 36731 50305 12886 25769 72496
5728 14
54144 7171 60026 7838 96272 60146 98561 40059 45054 46775 64946 70950 92993 24149
5123 18
68230 22311 31182 94583 73875 87725 4620 19589 44 33095 44326 87570 18712 47057 32289 35623 26371 60536
2689 18
2596 42074 95605 33051 126 1829 253 83109 66720 82105 29086 62990 35017 61171 45815 98996 9358 43842
6967 20
71350 51441 56908 45487 87809 13001 96957 87712 11438 44461 65665 27747 28644 94791 61528 33184 520 12804 67227 87661
3525 19
60690 22992 53202 39839 33222 88124 26248 28338 90138 4701 9648 72796 5122 89782 54655 97816 80204 11729 99793
4534 18
19103 82548 93891 38407 37385 54686 66730 29602 11573 28765 41442 21803 17975 75140 22088 62342 44330 30338
484 19
27553 35825 77405 73807 75683 24495 47658 22538 20566 30268 80906 63557 22162 33995 78853 59352 4326 78865 31468
9071 20
25835 31204 83218 95547 67721 91316 40649 90759 41982 21056 71336 69935 86439 12463 56557 48724 9845 2797 96832 42509
3928 20
1040 11109 99984 79929 30902 32229 67684 81414 20790 98055 45529 94388 36372 15018 75480 76960 27612 41979 49155 88388
1151 17
34010 69810 12726 3896 90525 50236 58837 88843 76053 24763 56896 29643 78089 32590 80626 94475 32120
9291 20
61965 53569 90997 18754 49163 67203 31620 98661 55315 21108 85620 77294 70367 28135 26874 18872 43178 28222 6043 66701
209 17
60658 75416 38726 54832 89752 19526 36786 9672 47957 52117 81360 91281 21104 19323 82894 38465 61380
7525 18
45561 97017 25477 26753 86673 42512 98220 15870 90166 52997 97906 29807 45917 39591 88013 47337 54004 69856
5019 16
73858 4389 21562 92149 3188 80352 15035 40247 20602 65542 40044 33587 44089 14130 128 11043
3165 19
81007 35346 22320 75008 64120 73267 71062 8716 97667 50084 67357 57440 39688 58941 58390 66331 64523 21748 80585
4758 20
41803 61417 26076 4552 94218 63986 71749 2686 74497 91216 47525 54287 2051 37923 92408 33654 24709 23928 99010 84347
6385 16
98745 10866 97321 74546 96401 73316 91028 60313 62682 63976 27684 84616 43475 93346 21740 63619
8385 19
41505 75733 8231 42303 48764 98942 44086 17066 47878 42967 62862 12131 88746 10972 99595 22621 69228 50374 74830
5287 19
25182 28737 85930 45300 80276 27536 3206 10141 84768 69034 3028 70320 74984 74627 8987 25386 61540 6389 78017
4655 20
43167 97455 41797 47736 62696 2346 40082 56468 22398 49432 26094 97339 73308 56423 29421 88310 37825 80909 29620 78799
1737 18
11483 75184 75599 7055 24216 38352 41108 1912 35667 75169 18610 63090 10209 39513 96574 74518 28258 7610
2047 18
31450 16869 65400 85450 16253 81296 28650 75276 37522 5708 956 80520 75223 44463 19298 94556 29083 10296
6654 17
5163 56962 4688 82253 56570 72165 31707 78231 68860 18908 40876 42309 10613 63573 4327 61709 27796
7526 18
82076 36119 86711 9793 39612 76653 55696 63776 25592 82310 62487 46004 90850 38532 47577 4733 14402 7643
6132 20
99616 70159 78304 91995 22965 35404 31537 49399 3129 98166 7367 31414 82418 24486 53964 86473 72999 51697 26482 70814
7878 20
36054 16297 20337 96265 22946 14498 52765 81610 40196 17893 39124 92359 58142 64892 87606 30048 34677 39750 3038 28003
6322 19
77448 8541 95407 96378 59487 79098 58584 14568 77658 95384 36355 94809 30533 1277 21297 28954 72980 36185 28881
136 20
59229 89139 44802 13761 40032 91654 56992 80739 30890 62274 59705 77442 58009 96918 71630 26421 98607 43787 13762 82340
4456 18
72633 21383 45326 44020 95092 16257 30166 53482 96139 25495 80699 88132 44791 45168 83617 34274 6100 25586
8717 18
62598 75814 92231 85591 561 5540 15790 37199 92915 5045 15628 16116 32028 79015 51551 21379 41006 58355
9409 18
49106 11566 82192 72833 53875 46388 69385 50587 10387 93934 27322 15480 21783 6250 53951 64065 96250 48917
950 19
20733 97532 39989 78655 89239 18344 21323 47995 79718 26107 74950 16626 88742 63784 39224 23026 38691 89265 30405
4182 17
61641 46555 75049 63608 63342 94344 24070 19666 90084 31534 85814 88997 76386 46492 80157 44200 56877
1226 14
77342 44775 86281 44968 233 62617 22973 94276 96907 8998 64032 95939 46361 75758
9068 18
56443 21632 93194 57736 21943 64778 61514 31376 14854 34144 4580 85429 40568 53712 65111 49418 43801 86171
3138 14
2402 55169 96649 91560 60621 99040 87007 88429 79765 20611 61790 95617 42751 24757
9851 19
41277 46002 56519 9592 59557 57908 73101 87011 12343 42771 70436 56173 69980 3380 83685 49534 99196 89482 17211
9855 20
60258 74200 83257 45533 55738 34698 84226 89198 14014 94033 64392 21342 79077 31629 2999 56073 18568 51479 24583 69233
8523 15
55109 73506 6143 95623 67090 90863 63071 38913 78475 38859 31887 60628 14552 44307 18658
7582 20
37525 88057 33158 82778 1809 91952 74381 20934 48702 16226 47879 71537 84906 57028 62470 21340 29878 47593 69696 77684
4277 17
1840 87780 43436 34590 5683 50526 21120 59812 76239 41002 93834 43504 46843 76576 99806 88908 15890
1274 18
54462 78981 7690 673 66288 23872 83511 48214 60824 93789 61181 82843 41491 43074 4021 27435 71581 65240
444 20
3077 53963 62467 55257 36998 1892 41619 80636 50386 46666 47515 84956 31693 33829 47918 75863 21992 25777 31023 94801
8345 20
82423 48534 68835 91466 26350 85410 8689 8265 16200 60517 28727 8424 81178 86617 81694 84526 63738 60500 53372 12395
4349 18
68591 39803 19868 69053 83273 22040 69018 3962 60602 7471 21012 40730 59310 87918 44325 67045 68319 4968
6709 18
69637 56106 9950 88094 40945 54372 51272 61772 4796 91097 77951 65752 63781 80243 78420 578 90665 52900
4554 14
44023 11512 64665 92111 6415 77214 67029 35882 56870 16029 81379 8078 15049 67940
1331 16
69820 69818 38127 12924 25333 72124 53581 3541 86946 72349 81015 31281 36055 41770 59974 82656
6693 16
78858 28274 94469 28662 3692 55375 14953 37701 7108 80946 12197 77269 61470 89593 88888 11171
4138 19
7028 92204 45568 17444 74424 68663 55497 97831 57207 16048 41421 45495 34073 96595 37046 67693 59332 57000 6958
1750 19
18814 80077 97517 91723 91749 62902 74833 84480 70715 28733 68603 68908 10305 11023 7149 41618 54370 3419 44587
1897 20
79361 79704 67223 51065 52350 32001 98006 47795 4982 51019 57867 23838 76005 78574 67570 92617 60073 82089 1907 86609
3105 17
3124 30762 36374 82604 11446 8838 83542 70589 53895 67362 44849 42544 51583 72548 9094 99072 10347
3973 20
14011 78534 15552 87541 69055 79695 41164 35007 36608 79905 32978 97478 9008 43283 33105 99291 35420 58888 34081 31979
5976 18
9873 97001 37735 46837 41288 49353 82514 85206 47882 95448 24007 67125 92371 8035 93075 94728 62355 81024
5387 20
5901 92732 173 31591 96791 18480 63514 9852 79307 55447 82531 25220 28799 7927 73041 7167 55566 367 59020 41478
1390 17
34984 16486 93172 42695 27045 91844 10923 52498 64952 44031 77440 77629 21207 73468 54901 36942 16117
6533 15
90804 34275 45579 49809 61372 1048 87404 11121 31361 77989 24114 29000 48351 54204 84158
2325 20
72250 62375 84942 88131 164 356 77998 29651 99729 35649 78626 7115 62261 9016 89195 51699 28641 96724 99825 67783
2438 17
75745 11251 12799 19062 74964 52218 27969 33646 68796 72640 75590 41686 37166 33948 64363 29194 15442
2052 19
51552 9028 23868 35474 24808 47943 81526 9021 17373 19915 67938 79375 67046 51723 41650 90795 23671 4242 3675
9431 19
52589 54312 66093 72948 99710 56225 59627 93347 86009 20445 29574 92356 20072 15629 9232 50933 86163 78398 54152
5174 16
67023 94207 88338 89281 99148 50512 67893 39935 55198 43569 25843 22545 15491 11234 87840 90616
853 18
6295 91403 59277 32160 83199 56000 28523 35198 32916 89060 29122 12851 13958 57405 11000 78235 22336 26715
4239 19
83856 72788 8835 72470 11778 27459 54302 73663 64173 30504 14163 65491 82755 96547 95436 56899 38862 41561 66500
7446 20
78241 4794 79840 50113 28353 8463 97995 99200 50163 61623 73511 17305 15934 64516 33041 48142 33146 56033 32116 77954
5442 19
46339 77040 39546 11185 4414 8369 5966 65527 50758 90500 24380 84803 19549 82770 38414 76131 31644 88037 1754
8720 19
65649 86185 58186 50471 26981 12376 14161 18437 93431 74803 31736 57891 26407 39441 52368 34002 78510 36430 77010
569 18
45137 88901 7514 41735 57268 38226 93839 29911 97469 45038 66772 58706 72101 8780 56505 42699 66992 33069
819 20
42237 46521 9051 59985 38840 36913 46094 90790 375 71082 56750 30841 32648 36266 63321 83060 32313 4057 821 56340
2008 18
70573 33010 90911 19367 23091 48887 10136 33741 59087 38619 71858 40079 30402 49431 14715 23002 2047 36114
401 20
76985 17057 5896 76566 56920 13170 58449 2236 54414 4749 45239 13769 26745 61483 75380 48257 37875 88244 86633 20960
1266 19
19803 24475 45688 86379 97665 64969 57823 94545 16942 65302 68386 9762 54457 6052 84104 40349 58824 60538 87745
8205 19
35930 5281 32461 26796 39588 40269 19155 73051 5799 60534 69432 17075 47142 52328 50746 26935 25283 17245 44266
542 16
98025 90563 22135 98687 53334 56865 77058 77627 15560 88830 12927 45750 85408 60895 33694 35954
5989 20
57364 68220 46964 69041 29280 71362 1030 40063 97000 24230 99033 12405 44621 94712 39514 80697 3142 9030 62547 35174
3669 19
54259 11241 97163 95962 53370 77614 60663 53456 62356 55887 90677 69338 48295 60418 34114 21581 60279 74906 2511
9739 17
68408 75752 59011 52009 65235 47914 62526 18494 83135 5553 1930 94857 67310 50398 49512 5857 75047
4388 16
34052 5537 1073 82696 50184 91380 12450 84944 66454 12154 59041 65184 36024 34992 46182 57524
4320 20
22018 18150 77437 64836 72292 33109 38599 830 69719 23979 62707 6675 89483 1680 61953 42132 17619 48582 20351 15289
16 18
45060 59477 46573 65538 46212 12081 31044 14484 40720 66289 69365 78933 45051 80933 21273 86246 79317 19163
4323 20
97366 61204 26798 91640 42161 48329 68172 79053 97981 27154 83433 43434 61734 18206 96256 44044 94937 99302 88361 46062
9561 15
84354 18515 75539 73363 30124 82360 68025 1847 46612 68202 12997 79246 23252 88051 84165
4053 18
4054 86505 73535 67972 62465 35244 7275 13278 98169 90196 74724 98576 40204 92893 24180 40590 74693 54586
3169 17
81404 68833 47381 91815 27517 50325 39686 21040 45464 14258 55535 32833 61712 27591 28600 83548 97013
7037 20
48985 81267 53124 43135 83890 48839 56971 76844 53984 99397 43065 91291 65088 78772 47961 5450 12469 80734 30514 37019
4556 18
32157 40510 57800 36222 87866 37414 43049 15115 45034 972 64985 74165 54089 33926 76785 91644 64604 56560
7389 17
7893 19237 73191 77292 8061 57523 65733 24479 28797 96539 55750 43180 52922 6141 50251 18996 23459
6777 19
15987 64274 85701 31330 16684 13652 95597 59693 18749 47791 20550 8953 79278 42518 16371 52207 59841 68405 4581
4217 19
2017 24071 76928 13805 30619 43789 43247 33644 63697 11497 98206 61742 18453 2725 98887 12532 84777 3150 87569
1910 16
75890 32105 38706 10968 90245 17618 11762 90311 71281 40637 48246 83784 77121 44994 88359 4959
6731 20
23942 27771 85691 79451 47566 18816 68330 12788 75800 69452 93050 91015 52706 47041 85659 46905 9527 54323 3019 94173
1485 20
50290 45290 63188 17274 91393 47028 68201 68523 1268 74662 18868 76026 20796 22952 56084 4679 33775 9283 87854 55995
3851 20
39971 77962 52840 95097 2886 50622 63080 93541 68778 8631 75529 56534 55857 38306 76669 55910 94392 83123 99995 10676
9186 19
18182 81937 28208 20596 15383 40218 50766 181 52864 27093 33868 13202 20233 97965 66193 63454 71922 215 65358
541 19
25547 43168 11839 55282 88384 17127 76191 65494 30622 38438 75429 41075 23181 84745 35159 76441 60314 71547 42554
8472 20
40905 96439 46723 37818 28863 71149 42765 52642 74540 99210 1120 47754 42883 88166 96632 87231 27105 15709 78122 31206
9686 18
12234 58585 1739 19857 67539 67202 98885 18898 4984 65300 92969 3052 66874 89718 91702 29417 65441 82545
205 18
48013 59987 38482 66489 17610 89409 35266 36301 67607 64997 5036 28752 22789 15899 54398 81965 8895 85922
3464 18
51918 86912 5651 6565 39221 62288 61819 10573 24457 72733 3394 28399 36351 91121 92940 47224 20143 51093
6851 19
7601 88250 6744 10565 53761 4614 88064 75447 29042 34749 67363 13616 20274 58695 75112 19728 13606 80767 10621
6079 16
81771 36151 15659 16853 77000 76709 22024 12844 26665 61223 97034 72673 49 49798 51612 10997
4523 19
41534 12472 92316 49339 17072 39922 3867 1144 69524 31314 80123 96393 52073 15898 41987 72151 22245 61460 75486
3071 20
94066 79518 6359 63268 39634 31509 59106 51462 60483 39744 50513 40978 77501 69701 42718 3329 17300 85468 52957 16980
1443 19
76758 78421 69513 74748 39458 77098 17024 43248 38068 49153 35217 49894 80659 82703 38906 92590 93064 40767 5800
1542 19
48422 32276 43483 37154 57961 88883 41059 53326 91068 41041 50781 35572 23501 47800 2698 74937 46442 20852 25437
9847 18
40102 49572 25360 83320 76930 96190 11764 81346 98774 83562 67470 90236 34886 42249 31148 86436 37905 85170
9806 20
3034 7833 27565 5897 66069 66792 23799 91531 48636 63040 51194 25166 32539 75753 17347 90405 26491 45685 5999 49240
9165 17
30500 22430 57217 7941 7819 8833 63538 3267 94684 77493 49859 6227 32952 67342 1442 12285 63612
7699 18
81304 31268 55520 57789 11227 52718 97305 28705 14901 55838 95288 39033 63206 19924 66233 69624 81612 33178
445 17
27036 14411 24640 90346 86612 92413 64459 24482 59344 35349 36172 32384 2014 69678 55148 18854 47090
2830 18
73779 43765 27169 2816 85802 50999 24754 93477 11521 52506 81508 66058 2023 22923 62515 74125 3571 65030
8241 18
29132 12586 1864 66673 49610 53155 37229 18105 36344 78221 59231 91943 91993 48071 57030 93484 7348 18292
5111 16
34854 13660 24228 79799 64133 21588 47676 73111 40096 80048 40015 2597 64271 84211 10991 34937
673 19
73053 37068 58881 17215 46508 72520 50079 96349 29444 44256 93437 59134 42583 92933 97092 20178 4694 74144 65306
124 20
24621 61355 24050 73992 27245 14060 85089 95809 42217 1761 15639 22781 19998 50535 14797 90452 15396 72008 98554 59965
4813 20
53605 80961 33887 79227 94508 92336 33141 80938 1619 4381 44893 81110 48889 56513 40613 80023 46409 61968 4925 70504
1137 14
94733 49198 52467 23843 73122 32799 15617 53183 49964 41013 38498 89486 75813 86110
2610 20
1382 65479 61304 49113 77032 48043 39325 89240 66708 4174 7820 74761 25060 53356 30494 52297 11071 10458 48745 71113
6897 19
56907 95402 83304 28038 71074 14860 10856 3932 87937 54263 6564 43423 14925 48793 75602 16476 73295 54084 37550
6871 19
40071 599 47629 87851 67662 31515 12282 59306 42836 75548 36149 80127 74615 74736 16615 59246 66013 39044 13601
