219
2984 18
59464 71432 911 65932 20223 71546 99933 15268 77802 37544 17016 98914 52854 2953 36968 74210 63935 1455
2936 13
2181 15138 4943 94124 50175 1761 3101 92030 5811 35446 16975 78015 75476
4977 18
63297 11224 11548 49185 28301 24860 50638 67647 37896 25892 76211 65947 16293 90518 29970 67010 28157 36862
1419 15
6281 15409 3575 29009 75125 34865 66449 59855 46829 85796 88626 96856 87717 63769 58116
2647 19
69026 6350 15990 66202 10555 32367 25695 81447 72225 21153 40357 19044 76322 21792 699 75654 80710 64626 68666
5541 13
86137 35724 42635 3989 56567 97162 53766 5978 91986 18393 1466 77373 7594
2906 10
58055 78241 40331 95667 23248 22448 2352 80062 73091 12001
9759 13
70198 61766 97129 94577 40122 75949 6346 52006 61629 83504 99728 93135 62296
3209 11
67029 95036 74002 43918 8280 3336 54507 92047 92033 13704 51094
6175 20
12358 60953 18537 10039 40408 6439 87538 74460 74707 67606 47858 96787 69334 26121 77856 38729 97980 564 84691 39664
3302 13
2192 26573 74685 365 92011 76918 34820 94481 94127 28878 69618 49176 68546
1623 10
98054 63625 55095 44060 94486 66404 7170 41821 95847 99592
2141 15
64077 21900 64210 27209 86726 55067 76204 40693 59796 20978 42447 68037 95322 69409 30135
4158 11
67108 74918 20104 95770 37593 68271 77501 65360 80493 14467 21921
2053 16
920 52739 71679 18226 7246 34484 18204 9442 55441 55402 64644 67827 61326 81847 27665 77671
6532 18
97934 68076 24825 61950 59691 35002 98395 44466 4383 50592 5765 12690 21988 42492 24180 85464 38298 59012
8779 14
40119 35484 26991 23389 3861 63602 21034 78527 8184 33315 29636 44544 35089 86503
7216 16
97517 23149 8975 6127 33877 9720 38217 36672 42601 27195 93361 42116 77505 34423 33659 24136
1211 10
10490 42074 36580 36079 56167 26705 16166 77324 74391 99818
8151 18
26537 1375 66137 1257 11597 96836 69333 58530 44241 65535 27365 90318 66831 65318 277 3631 62687 88567
6180 16
20439 4378 89906 46589 70122 34947 24706 73166 82980 63145 31646 18528 94243 86197 62722 21954
6763 17
75245 31959 41581 36512 91995 77733 47378 91707 50751 40343 34547 84762 79299 33409 65348 39160 50338
3454 19
61351 98346 52330 32422 4898 19304 7321 79703 31384 65309 65984 65362 84783 19732 34871 9148 65778 55062 68136
8774 13
22879 19711 46864 81334 96661 66390 62516 11065 84830 27008 45995 19060 15878
2779 13
55666 70240 64353 36617 3307 89430 28814 15936 74233 88569 3059 41089 73747
7818 17
26381 26526 9532 39858 34012 47381 95767 44824 83950 78276 23712 93802 22325 46272 42522 48322 34181
6609 19
80532 62769 26726 22173 78614 73426 64281 69910 20546 84281 76612 40813 15824 8037 44884 34525 91760 17782 6635
4736 20
23051 64186 41403 34286 1236 406 98447 69697 89745 10008 65571 58834 58432 8326 87734 9639 49261 96509 56385 52345
4933 20
20954 39705 94648 67725 26933 92209 14509 23819 26349 8786 23748 93439 79794 84850 20475 12876 1839 17651 79686 38428
4498 17
7132 64072 93709 55528 68430 39968 68350 54017 55725 61790 69116 94147 49324 9013 56630 97018 29571
5471 16
65498 60059 92558 62953 69600 90653 31354 54303 85226 33430 64136 70949 24670 67905 14515 44193
2769 13
69890 28518 74962 84153 70587 12890 67980 46076 28469 11069 22318 42888 58209
527 12
23667 95932 9265 82218 47264 80016 70370 18970 15161 51648 41525 87641
1529 19
4901 41270 38199 87482 34145 42523 79966 77662 51543 65288 25606 6554 87517 72008 41228 41879 12962 9994 53440
9863 19
64221 92596 5681 21622 37999 45952 87376 61288 51019 54906 4296 44175 49458 13687 44851 37145 19321 92764 66438
4474 20
98925 8893 83084 60352 14861 18280 74781 68201 55416 35074 68386 43774 85556 43219 86983 97113 27083 17164 84418 96342
5406 15
93814 25789 97168 39343 12140 44368 70293 39729 34486 85297 98434 94562 90474 87647 63332
2624 11
20516 60927 24420 25284 29384 49035 43112 18658 82652 75803 56868
5091 16
12683 88734 69124 8330 79615 31388 10382 44496 25414 38037 57384 28866 21570 39856 28304 65945
5076 18
53659 5897 95265 84936 71239 31972 58890 75343 86919 88867 54394 6149 69382 91725 61896 10279 86242 4276
9619 19
16869 67923 53603 97570 89384 74864 71889 81817 99231 63514 93670 94054 8715 4945 41545 22074 59750 33053 66905
1846 14
18047 88545 45443 1576 46687 96310 90456 68503 48915 96807 33501 71831 76664 59613
8730 15
29795 80550 99517 75695 78006 28565 99587 70577 95584 63838 97591 3066 38448 54180 17254
201 14
36432 22782 41939 71461 45238 55418 16015 71506 97865 43702 59402 37292 10122 9003
442 11
2106 73781 83768 60313 83381 72504 66148 21698 31779 29216 17971
4652 16
80473 80138 61260 63342 32075 46243 31267 31 80157 91221 32335 63203 29804 15793 58884 38038
8843 14
62185 75867 51046 50624 58949 39604 82538 41602 56130 30128 78685 26685 6612 4463
7093 16
79402 42157 39774 89207 55072 29316 4706 85529 70846 12418 58470 35516 71751 36406 31400 5216
8910 19
61520 97575 43138 94724 92261 32055 87320 56663 4878 42750 55435 83365 35807 26215 22611 81603 19559 19798 13132
3546 10
83879 46983 76616 55898 55536 92353 84271 46114 29226 46370
7561 16
8849 93081 38694 38798 7022 21140 21085 50644 47291 17748 67149 16570 85592 97466 80697 12981
149 16
13717 70882 4532 92056 95315 98219 99669 18366 91683 59973 21703 165 33639 23806 72293 37295
9700 18
17492 58324 6800 83823 51515 2329 51166 88315 19420 64634 5373 96534 20571 20511 8632 57491 10710 57461
2981 12
4009 88696 48746 49338 81331 55069 42311 2274 96919 67236 51137 91888
4303 15
67719 37729 96212 31098 76647 29590 97744 47168 63926 15713 96622 26137 56952 44742 87206
8711 17
74436 39806 85515 43568 33176 67385 44772 4210 91706 74789 59699 2501 31343 57190 87259 64728 34113
3404 15
93818 70646 99387 77805 52082 21278 42055 12910 50657 31672 83583 18195 283 17317 26607
3457 11
80480 24944 42057 86259 36948 19322 27411 91488 70943 58237 40181
7309 18
3127 4824 96155 75669 81415 23223 96211 55667 9204 97897 21771 52877 96743 41459 92775 8224 78598 42356
1606 17
70957 22806 14572 16695 443 89988 87052 82204 70712 74681 81083 73298 5223 92791 93400 81745 95307
6829 19
54721 9010 74908 27337 83846 60881 60934 45522 25090 6498 11981 68828 2609 29348 69860 52615 50086 34523 11544
313 13
98961 61156 23364 22171 70630 73567 51198 93961 74061 26267 75863 34033 18073
9380 19
96022 20639 28411 35391 27316 33701 50299 5060 98664 97230 54287 63499 54190 82940 78823 4739 78686 59545 33846
233 16
9546 60032 40503 1569 49003 85477 90888 90212 80843 62432 10817 58387 96433 87454 39755 48993
5862 13
84982 99645 59365 66030 78593 81621 72850 37181 50463 61586 48809 56698 3082
2570 17
88910 27784 30061 21405 71151 43979 53405 77178 39517 63845 85561 76818 26652 19550 55084 32152 75678
982 19
94213 41447 46812 1640 21447 54895 84611 94230 57370 88547 28497 47057 78091 61241 44489 87178 4798 4938 64479
9048 12
81440 69244 76152 24196 87990 91713 72848 41335 51399 76919 9139 41045
321 13
92021 74659 84563 70296 93919 45644 67908 96250 59692 27193 55598 27466 33810
539 17
27802 30608 38991 90311 70398 65494 81573 48046 2880 79904 5970 41489 5856 95635 44468 86404 3666
6802 18
28392 70515 32525 74384 62855 15035 23833 56425 20814 20599 99924 33143 81284 8377 41580 43484 64426 40156
553 13
85293 24031 41198 4588 94079 99737 17475 92964 68602 11263 86338 47859 14976
9437 17
63959 29046 54626 79888 7993 26585 57399 15267 84345 22126 9563 18572 78953 78864 61983 44727 9879
4595 14
1805 64238 40344 92872 957 66175 49193 16340 50971 62117 71030 41000 69494 28496
2049 17
8173 58646 3273 98753 8094 35266 22890 32306 13156 49714 9086 60204 13521 75571 8782 79668 20983
6289 10
24167 11857 93353 25275 67445 9609 80833 37646 757 63421
4955 17
41975 66136 79269 46207 47188 25818 22967 55513 31950 12344 96852 19636 90349 63700 10771 95975 58350
5582 10
46074 19790 43071 99170 3960 40151 62665 76124 58726 22810
6152 13
28053 5991 71306 14160 6747 94538 6315 3713 75597 71362 23049 16806 33034
2597 15
26716 5610 72811 23935 44459 17375 16824 20312 75780 61243 98077 31858 64656 18984 88061
7302 13
69412 98405 76795 91896 53737 74549 37237 18178 15124 95949 24210 90996 4551
1340 18
48422 30989 2184 79385 26338 29399 66307 7179 83278 2239 7227 11220 46563 56105 9369 18235 42587 70815
9028 15
33839 1506 85016 37017 90292 70946 18377 69008 75877 27682 83450 51723 71195 9170 151
2919 18
66105 2194 92778 54171 36953 45296 26334 37464 81202 22402 832 36354 22673 86866 41339 35907 43217 43173
1106 18
19584 9925 44985 4507 56986 6984 52475 50684 3806 17390 29588 74626 68905 96412 97082 37973 67988 67243
6997 16
89931 98688 78792 5905 19589 40161 29304 15745 17992 87668 28159 789 87233 72751 15852 66150
3170 17
45650 43222 24983 66479 3822 43906 61275 38462 41160 88786 22739 64746 75402 91552 45784 53218 25875
758 11
63764 68457 49053 70481 63055 65814 60524 15797 12102 6540 68152
1627 20
32468 2782 2852 93772 54552 7555 28557 13616 5248 10080 32659 55647 56680 3957 49224 50094 92230 25732 14684 19660
1942 10
58476 89005 14697 28170 3492 88322 23478 4303 53495 58111
638 15
79028 71251 78244 43609 17955 71196 9852 42350 18197 41452 97946 23800 58954 68442 49560
5290 11
14895 12944 82451 37507 72129 6358 43126 60937 13708 2025 28685
9278 11
1002 41578 44537 53314 79019 56326 92367 92821 79787 69687 2669
6174 14
1178 54103 45119 63975 29039 99 60177 45947 86461 10758 40152 68207 37660 1802
873 20
99080 52468 26751 7037 40448 74897 70023 82000 35992 69268 58891 20673 55579 75970 92375 74841 51555 72629 79035 18274
1504 19
89495 53279 27272 73289 60114 6788 33029 48312 55493 5201 87612 81801 76629 36228 10783 25159 95023 12996 39026
8877 13
70742 45374 74005 53550 86356 24598 78113 6096 65119 28953 94367 55238 81982
8572 19
12537 5616 23157 22464 61981 91093 96767 69201 93536 11908 88489 82427 99978 29877 64529 54514 35534 53430 83108
8379 14
57855 2410 60253 57800 59003 45480 95858 65980 69849 42915 22862 44393 75472 15251
5662 13
71299 87211 65485 55674 58959 68742 41931 12366 53058 4113 95348 9268 27932
9098 13
53987 96226 87804 7316 92016 39943 54954 58942 73988 50533 32864 56028 86068
633 17
35760 62774 98910 40213 85229 79827 12842 68365 25435 22943 52674 56696 67730 89886 5604 1046 338
2020 10
37139 33626 27597 27424 57212 83717 48808 88764 3751 8142
9085 14
70915 21514 50633 23677 99329 72115 22577 17718 62017 97108 91791 49849 58758 23298
3139 14
10883 72299 39342 89178 30075 31626 89733 82019 38151 53065 31857 71431 42701 37825
1956 11
90219 62435 73465 9025 28918 78698 91559 29976 24559 92604 58947
5474 12
95066 40414 74300 15148 92210 70249 39902 12646 67666 44315 87013 95053
3968 12
7879 97242 28173 65999 50665 5277 72227 77656 75880 18302 94947 18899
820 19
17999 52153 81969 83119 30251 60338 20672 8452 54419 97361 27479 88971 82097 26664 9376 44633 86250 44370 66360
5083 18
42834 51088 61717 87633 55826 78438 66171 2783 22926 44497 81176 99570 85927 24418 39078 38356 40273 55443
8951 9
42317 14094 39877 6716 9708 20901 65174 41158 76806
4603 20
38570 53103 85362 90198 12822 57107 43224 76789 60882 22930 89306 53922 18290 91002 42383 32308 68173 27168 45323 50968
8476 11
49483 6114 43099 46618 6711 45309 47118 91740 21368 36529 93710
7338 20
53832 84415 56161 84645 35371 4659 37339 41679 32836 22529 44353 12927 60799 26694 67426 44533 95318 42876 33146 20506
2658 11
92277 68423 32257 66653 41221 43496 31296 17993 10551 7060 8440
6440 11
67787 91711 22079 63988 90470 13062 95875 52695 51180 67027 55148
4916 11
25543 61794 98253 7868 59950 19583 74634 48165 57310 46083 9641
3042 12
23208 49064 53959 13287 8592 21090 15248 27473 88664 77913 13929 87748
6116 15
394 86820 89575 72477 80840 95717 94088 65759 6227 88451 68753 43697 11821 45011 33342
7856 15
56626 38138 29898 64366 10131 87973 41653 27745 38224 55319 25296 57838 96719 47140 90818
8825 12
58515 27791 42303 59515 73895 15503 18258 94466 92814 92020 84593 46402
7406 17
77211 94326 63009 34578 27132 9443 2389 93620 42846 45511 97593 5441 2262 48852 94609 47760 17657
5936 11
10349 74687 88899 54030 87645 98471 31577 92677 73646 24757 61905
9466 18
77499 89262 8955 82810 74985 92051 67977 30268 63474 59755 37161 31085 32484 28265 2210 3019 79520 70461
4327 19
17265 69243 35 43170 63063 49548 70974 23985 55040 72462 91008 83154 93232 62113 27801 89867 42905 21497 68296
4536 13
52835 39683 68234 47878 68834 12889 97767 96431 25582 65777 38760 43032 28141
294 16
64719 14474 80902 30463 8939 66430 16294 29182 39883 15511 74730 8751 51459 67894 79655 60970
4594 20
84842 22614 41582 77518 44564 40791 53272 39124 4139 77467 75031 28316 54533 27283 59311 73947 88118 14772 87370 82528
3490 16
36562 47025 28515 28574 9042 63597 26325 38819 90057 9197 523 53819 16656 25948 73667 42799
3100 12
10106 94500 21658 5805 37987 25071 13218 34613 24447 89109 87994 39681
4241 17
65406 22983 57750 28901 11817 80956 62174 87208 32512 94093 64581 69432 23074 72229 5812 16678 66206
7387 10
73677 275 45141 39935 31958 9408 97816 92837 38047 38385
4798 12
20972 3629 4884 45710 75410 20854 31668 11259 36368 85777 17631 63031
4251 11
46481 95377 16994 80130 15036 61616 80598 7613 49793 41937 93029
9126 10
87725 93125 95054 7305 5255 50558 8598 92754 5381 69043
9399 16
72644 58992 61898 10385 57177 24519 51538 91922 13122 18540 66141 21818 55071 12168 24630 82656
5426 16
72585 5925 19950 48107 28081 75702 80817 89167 72459 51907 8856 68419 55517 80783 45328 94840
6527 11
7764 30056 23099 20897 12081 29397 1614 67698 21126 92018 70442
7802 13
55787 16867 14501 63916 30433 97124 17532 20564 18490 63013 20105 61324 7817
3278 20
75990 95782 9949 18663 11085 12296 22202 28872 34675 51878 4580 71522 25744 84609 52502 63672 63482 11453 90031 64083
9316 16
5807 70147 99852 47309 82906 37623 47249 75727 83085 33100 43322 78016 42636 19434 85069 23358
8972 17
22086 14273 71802 41535 5849 30077 17654 51830 16737 20421 62478 53092 85864 73211 45606 10030 77649
168 11
29298 92582 2077 45973 36460 52171 83448 58465 28552 14881 63287
6706 10
44340 74551 39496 78717 53515 93556 57944 14892 29936 71361
8398 14
398 61568 8575 53252 67963 78309 68770 46706 17967 24272 88986 24579 14299 43037
4667 11
89879 60890 71524 10076 55608 13365 17554 90290 77300 13143 91153
6475 20
12560 14540 73577 651 99870 23436 66303 22107 65414 10604 74108 76975 5887 11868 76173 82125 58887 11961 53368 37398
8391 20
30772 53929 7061 63384 3636 85727 48123 92858 61249 89204 34392 47392 43078 24522 69383 96595 33601 8085 78938 83387
8290 12
4764 77253 26843 37759 38934 72611 8039 82371 36373 30040 2321 88115
3669 20
54259 11241 97163 95962 53370 77614 60663 53456 62356 55887 85620 90677 69338 48295 60418 34114 21581 60279 74906 2511
5402 14
19129 13729 29266 798 94331 20874 99038 557 37406 21836 7461 25747 29067 78014
5627 19
49087 54913 67216 14740 65444 29651 66972 18057 38 60018 56550 78104 35778 86439 13947 71406 8967 73095 8864
1654 10
8543 75014 20083 99131 52611 778 6746 86486 95041 12061
8171 14
37206 35658 65199 57868 64802 628 64612 61228 14004 19835 88172 9941 26025 62765
4811 15
23714 11988 93442 25127 47531 11764 71039 97513 17046 18354 39833 86550 12987 4535 83854
9912 19
18644 50639 75490 83713 21817 62952 23490 23192 79645 23022 68980 98213 79899 91102 93984 96759 7623 13991 47993
9870 20
34553 59381 84963 98810 26958 34399 91285 95460 40288 7031 65133 27792 10416 40333 35560 99838 49916 35036 68752 42155
628 20
57364 42971 45245 46097 44501 58733 71262 76976 33164 78452 16679 64407 80800 94303 89868 45334 19376 87939 61628 17547
1301 14
66189 68079 65256 60132 59236 89753 96931 34901 23752 71793 5447 80640 8594 34502
4870 13
14987 16316 69993 35326 94540 58908 4171 77829 31937 80393 33666 25609 53818
7181 13
16045 63472 22329 34225 13376 30614 53471 53606 48613 8779 15860 6457 26305
2711 17
66194 95571 8501 77648 24110 56171 81212 61184 37466 82098 2446 44805 6337 12155 90711 6958 70040
9751 18
30671 97787 77396 94983 86798 88494 40731 68269 36902 6374 78043 81153 15698 12414 92385 68977 67431 16176
104 16
25835 4844 10565 91304 34586 44000 29800 22166 33150 99872 40195 1385 465 25130 71482 57272
2766 15
63970 67435 29003 83218 98781 64813 8959 87284 25862 75043 49417 362 95311 84355 17508
9206 17
9756 8040 93372 43191 90445 32035 78700 65255 65888 66370 32482 88659 74688 84488 21079 91019 90619
4250 19
64845 79679 25688 12544 98758 95329 8999 4060 8404 20049 59754 25963 22377 71909 95498 89802 66035 89315 16418
1224 10
56486 45202 23191 61704 7351 70091 46850 16614 625 70152
8539 13
20236 75608 50317 67610 93408 63406 14170 9473 96139 98584 92497 63224 91563
4703 11
68069 21633 57587 75540 52799 47301 2300 61130 13523 97497 20021
3313 19
15087 29810 39101 21240 78315 27001 16056 55400 69247 61534 27145 76838 97791 29372 86764 13500 54001 15393 12670
8558 18
36708 53871 99939 90731 3341 24474 43499 92191 6957 78020 62770 49375 93997 37211 73423 61883 94995 11887
8100 11
26304 82452 77487 34005 29785 85721 20532 64161 8469 21261 55181
6046 19
36713 6016 61078 29604 26210 58594 34960 79104 3068 57055 34321 172 10235 44676 75440 25098 54919 8047 35231
6653 8
68278 7097 49061 24204 67993 51680 8245 79956
6127 15
78058 87400 60199 95643 82138 4725 41592 12160 19637 95657 10139 21432 13208 33226 69754
5610 10
15832 75544 57908 78589 46588 10901 48844 88594 93425 18939
7881 12
30489 8436 94115 69356 47235 30549 40758 27882 50018 12040 95013 29647
6786 17
91348 20479 10538 63003 71646 88435 73016 99564 83258 98351 59518 85785 34032 41473 90329 28678 20395
5491 13
13346 90695 81691 16063 83529 23414 42612 17760 66873 64717 93423 30253 7328
3012 13
27462 93190 92255 64601 54009 90859 81325 34670 52677 39934 45889 90197 20361
1004 12
87426 7509 2399 71234 62479 24346 19231 71759 40950 77426 99535 70011
8387 16
82331 56079 37093 98490 27501 98953 3440 17948 12264 54271 53701 50697 16344 54292 52639 19965
8193 10
66450 25115 16017 1852 37120 43582 41233 55811 5237 62098
6233 16
63324 82370 11628 47265 56088 22735 56554 62682 26683 92951 50742 53301 17542 20149 49309 58792
3141 19
54275 82156 17057 97269 56285 83859 29627 22363 40196 5347 75668 8049 15833 27423 68045 67536 19375 18466 48655
7318 14
48205 9167 61079 44140 9290 23189 49480 31961 48578 81759 17126 15066 60486 60185
3833 10
51981 44046 28468 46330 79053 93475 10461 56011 56995 41608
9518 10
87891 64603 78987 55467 3630 68251 95052 46602 949 1228
1246 12
30500 51374 25166 98774 54425 80211 20097 93683 11177 80527 90353 4487
9979 19
99501 53425 27550 68740 39199 19621 75381 7099 90942 51509 87163 34855 58806 24192 40434 34206 14813 12572 25079
8365 17
26995 3206 3184 38064 26756 72072 52018 30340 58451 52757 11766 54089 58811 84037 53574 32639 71528
287 17
27941 49991 3495 72599 9587 61941 26701 23719 34126 7897 6564 93112 15576 12206 26430 44179 32930
4543 13
11018 71611 8281 13627 74817 49878 2411 491 35916 73702 61900 52797 85921
2027 19
59244 2824 65283 46951 75633 61374 34445 82429 66356 81458 4442 78552 10964 16995 7930 42711 25881 34060 30422
9578 16
47747 3712 51584 58330 73406 92980 98155 54020 58147 83655 50051 42566 99890 23554 80471 73443
1875 10
55570 35936 32098 93581 2866 6913 30913 65010 41170 16928
5631 18
8507 26673 1417 90032 88203 55799 61607 36029 86702 72360 82166 5112 37923 66914 44708 9518 3092 6610
7640 10
44156 15780 19508 56876 94561 48653 81718 55041 62715 64989
5665 13
70373 83759 72290 44135 3460 9186 23015 22498 28842 35461 85810 90147 72065
6556 19
18577 72663 69168 82678 623 59597 85291 5418 24401 73515 48106 50749 84396 17320 61197 78990 52701 35273 99885
6580 9
73571 97376 1115 55542 66649 480 11889 1300 67781
3555 20
53618 48921 93381 40894 65345 28139 33318 70362 87618 59082 95389 35932 16427 94663 15898 61331 12751 17501 84543 8387
3914 9
96649 82099 7014 72910 45795 1176 57159 23332 90764
921 19
36741 30388 34669 55248 80451 97067 98966 51518 95477 42771 13167 47782 50002 98339 32083 73568 41611 75446 87424
8884 17
90230 59177 63572 26684 3550 11645 36919 20310 67226 42053 82713 22326 12151 6991 55880 94654 68993
4315 9
57593 97083 83246 46238 93810 98746 3361 37555 83338
5 16
48874 90613 30091 70553 47081 98759 14459 86009 31929 83777 62891 41431 34776 32713 85820 69906
2114 15
83510 97640 88984 14910 50480 55529 12604 49784 80922 86476 73809 16998 46622 61073 40958
7057 14
8126 89162 8056 2774 28262 20618 24726 55102 4130 52891 8397 56585 79988 51348
6308 17
38732 45244 2258 16608 56498 4782 11425 47154 68990 62336 25966 859 66270 14582 77109 11093 36656
8798 14
64225 85686 36331 92234 87293 78636 78606 67595 85202 2110 85775 43229 68243 53473
292 9
96318 33538 53449 90971 97706 7376 87532 23671 40035
7754 16
13695 23681 32012 16683 1108 80970 86660 62674 58070 98268 21329 52191 27378 1480 54967 61111
6001 15
73661 21401 15542 9506 95049 18285 2465 51208 23407 79879 79986 93593 50160 49955 68073
1693 11
70386 55806 70070 16215 87726 72509 87171 26151 36505 50156 27902
350 11
63551 16689 4757 28363 2565 10810 43238 77936 8204 39345 34408
6386 9
11094 2109 49757 67054 59511 71764 17594 22813 9874
399 12
5704 5660 36203 59660 55849 58319 86560 72616 44405 92949 16700 83483
