191
9805 20
54566 205 53462 25462 3203 77204 55021 34639 60084 63350 85938 64975 69928 20438 82251 30928 61658 57977 23730 30299
3130 18
88641 56914 23567 26726 74193 74557 21113 79652 92289 51923 61595 31519 1414 82904 71423 16468 33482 59713
2238 11
29958 27 89184 59591 47141 21263 27339 451 15368 97933 8714
7380 20
49526 86398 35840 90981 91080 86337 77412 87971 28082 82460 93267 2230 12342 38921 64757 31465 37914 60172 60646 20947
5225 10
54578 10024 886 62467 81316 75114 15133 14657 31607 93881
1900 18
2202 63098 78736 84127 92978 79683 95164 85919 39581 74098 44343 71537 23406 16673 50534 37072 5857 8321
8172 13
46340 74005 79980 60178 37181 71639 75029 92825 8876 50599 29083 5231 54733
9309 16
26424 8350 50726 28858 50282 44819 12108 51393 43153 15265 61949 43964 57305 2283 92188 28979
3826 18
51453 13827 24194 99205 72315 92123 56758 84401 42640 78677 76684 28781 6379 20616 11041 107 99790 59256
623 12
60212 92852 6054 75959 7276 14282 27195 75616 69724 58622 51776 93737
4140 11
30868 88449 36041 427 95396 35390 67900 69777 87720 88837 56996
2233 15
48851 98684 10891 40443 52084 23838 61160 66997 72735 7800 23356 18383 24448 18621 24127
7994 17
29520 40800 12296 22752 78475 44158 90225 4502 550 25836 2155 35560 6365 54131 87025 81057 47648
972 20
43377 67802 47495 17859 27474 16153 41005 15185 22442 90445 2389 23737 60423 42783 67061 2497 71103 55508 54586 35199
4356 13
15572 88568 51330 14920 26809 92793 32749 56521 72023 66731 20090 35857 79748
4516 20
54317 86587 58880 2311 93931 1037 51959 56900 21637 94234 68844 77442 33593 47854 77158 39206 1114 47326 94837 18256
7420 15
7513 98194 99750 37638 88951 67796 44672 10652 87665 461 94842 40323 51974 85221 92195
9043 17
9333 89024 41603 49078 79940 12024 88028 40991 54355 87181 79798 32850 26658 36981 80555 14345 1263
2610 20
1382 65479 61304 49113 77032 48043 39325 89240 66708 4174 7820 74761 25060 53356 30494 52297 11071 10458 48745 71113
4574 12
35329 36874 41280 44812 96391 7995 29539 29294 13785 22444 76817 28254
5310 20
49946 63451 45286 6534 606 15813 38852 94736 39682 64901 31827 46404 83030 53672 83429 31916 18854 76641 96402 22487
5044 20
75461 95696 35396 68627 52869 24855 31816 46512 81268 25684 43088 27376 54043 61145 25110 91104 22530 31022 19821 14489
9145 15
41762 24628 28928 6253 29872 7486 22095 33984 80016 35417 86720 66440 40817 33634 17980
6445 14
98643 54074 26980 37958 61676 93643 91053 4204 98913 60791 62846 8523 20348 82935
2606 17
64048 75190 5675 3220 41850 44811 97513 8045 38958 12878 19392 27584 24322 87631 46977 17719 56431
7414 16
3370 80755 61136 27316 86888 28374 50834 12284 67245 3657 71341 52450 64161 57603 63556 68674
5158 18
38973 17846 82205 68755 26889 63524 98567 39982 61584 34725 8648 9799 27837 74000 82100 65462 24907 62000
7574 15
70954 32115 98581 1763 59212 94806 48522 43429 54216 81706 7432 45538 2224 21717 31023
4052 11
21915 16134 39913 45278 27951 85742 29141 43468 94571 75673 50045
8323 13
28574 96831 92361 96222 28967 9934 42743 35500 7874 53470 59264 37903 7632
2242 20
41753 10049 83819 35339 45132 8317 65393 49897 92532 80896 79009 88508 95947 62680 71634 64309 14546 96895 24333 80945
6013 18
17529 71700 61328 16065 49022 76634 17024 26446 32039 5349 45116 21371 87377 20248 57774 58394 35095 43721
1087 12
83757 74625 45787 60066 3238 36215 44254 86891 5290 94819 95491 37825
8951 10
42317 14094 39877 6716 9708 20901 84563 65174 41158 76806
3426 12
37602 95638 81958 49861 29302 91950 91625 47657 35241 89452 37209 36572
6102 14
10883 86205 28951 46202 69957 73650 56737 18204 69106 64130 83902 5867 66375 58903
4152 17
55463 94140 43733 12088 60481 73446 52017 77901 47656 67458 68945 88716 42566 80490 7270 89316 694
8264 11
5559 89474 36427 70759 73485 48675 14517 96851 46880 39083 9595
7608 17
87736 69553 20488 80796 53447 24036 44059 41725 25200 15482 41740 75706 91533 69723 52203 52173 25640
5684 15
47059 93422 28313 71579 88623 12299 54999 23743 61833 52770 75090 31995 25514 20489 53487
9170 11
4214 68735 62018 60642 80338 91730 31228 81701 58750 31471 57580
4071 17
1247 94424 74335 27163 46286 98312 79811 90802 17754 74907 9579 87110 97270 78278 53820 2580 68396
9860 17
87691 92784 32327 54149 63199 49063 60044 73220 69411 52881 92984 40664 92745 40996 82718 38456 89783
5767 13
31307 96643 52470 67482 49950 57469 5930 83394 72635 88407 93394 49779 94611
2942 15
98932 81564 73004 90045 69898 19722 39100 23015 82493 25245 86813 6497 62440 54930 5417
5491 15
13346 90695 81691 16063 83529 23414 42612 68770 17760 44393 66873 64717 93423 30253 7328
4976 17
36526 79198 3294 2945 73118 9236 61870 83021 3997 79906 37490 83784 32179 92092 13666 76445 87711
4012 13
13418 97698 20037 64712 92324 15661 85295 71701 2635 20903 75873 94995 55706
4044 13
59883 32128 31179 39167 80927 71948 65529 27533 51560 37121 51190 12231 16132
8310 17
13800 64333 38704 9355 64579 13398 92795 78732 34368 13880 34152 42620 96019 29781 82169 74691 44061
3233 11
18512 41165 11025 73169 40439 26605 45319 52567 69569 66780 36660
6775 19
46827 18653 38220 45455 47371 20503 91134 21603 77959 1486 30379 16085 64188 51108 13257 2439 80551 15497 40484
6487 14
99195 35722 62598 73525 6943 35853 91976 48942 28451 19657 43159 70720 59744 27711
8684 11
15156 65511 63879 2036 96140 92515 94259 51824 78708 31311 34127
714 16
6987 73018 54764 41524 88017 90886 84137 84719 5858 73695 74221 48880 22293 65944 30217 96317
8834 20
27790 33122 26969 32461 94166 47838 28952 15140 20112 94079 24810 57592 17043 29971 73288 27208 66250 80124 69488 47536
637 17
31175 33750 57881 63248 53337 69260 62392 40066 86656 55018 76310 36630 85689 27172 81280 47643 76965
8928 15
1523 64084 22380 85195 92455 56789 33980 73450 83947 6218 84406 38702 81571 64654 81733
4029 17
75245 49911 22502 89260 68834 21428 72746 20169 63124 34040 79604 11290 64488 29804 81151 97077 99034
9058 12
78902 84012 22701 80838 63720 59682 86121 99281 38813 14958 32081 89907
7106 13
19315 22672 76110 8493 16427 74178 17929 83618 38056 92508 68559 48327 70724
9451 13
39371 34669 3674 19463 81804 61518 1394 86781 64251 16726 60089 94243 54331
1146 10
62584 89363 61032 68468 31259 74944 12669 19738 10566 12211
5720 16
34137 81686 35702 24852 69889 67306 82922 80549 72616 44553 69400 85042 94886 33871 27025 98883
1769 20
87017 33024 7619 59229 89148 41913 95524 47207 21137 29957 39873 12071 39695 88216 85843 36196 77756 78261 52421 18408
2587 19
89530 59099 87346 97852 40473 8286 88240 19186 5097 99422 19530 95181 43071 35217 17487 30053 66321 8813 79947
3852 16
77060 38591 83839 58777 48069 187 72242 77869 53683 15380 60599 40172 78232 30191 74830 9965
7707 16
89701 14769 28518 49549 18663 81219 39580 57809 93599 42838 85838 31069 55529 30697 5706 18263
9847 20
40102 53569 49572 25360 83320 76930 96190 11764 81346 98774 83562 67470 90236 51583 34886 42249 31148 86436 37905 85170
3494 18
63790 97799 52040 15257 42458 16214 31362 17443 99416 74868 26436 88675 87385 60161 96108 27633 45694 90162
4991 13
94539 71099 52266 11289 6206 8806 32386 29939 65955 12143 40319 65617 99227
7550 10
93761 83770 9789 41921 92382 5781 99762 12380 56280 55011
8202 11
46456 24780 32870 35642 1633 34015 19804 13956 94581 7225 92162
7324 18
93171 56890 25123 29779 82858 4062 63096 79494 88386 15020 26202 92868 67813 17743 42006 56236 86069 74323
7411 10
95591 2570 44795 20950 1625 6138 26406 55583 23573 28926
7610 16
45675 10641 84910 41414 5485 9886 56991 28097 82766 99246 46027 75360 98384 46343 58888 98278
9908 10
57173 41684 36946 80690 93533 58543 88742 81351 35394 57506
5258 14
9284 35320 90769 69704 49778 28877 22003 24763 16960 71250 14289 55036 57747 75588
870 13
74054 54552 22543 76505 68536 48404 32743 46356 40612 63660 1639 17882 95293
5325 13
80053 54604 7264 22994 73755 68734 49679 57732 87070 69814 12212 49595 84566
2331 11
99421 67429 77431 7728 99841 78051 95845 35191 82730 79548 86018
7428 15
36444 57878 42536 1849 65440 8958 31907 27022 58371 84599 29979 92054 50126 33519 53241
829 10
55346 64598 2020 87347 79013 57872 84083 71741 11202 26965
5302 12
82902 81423 93637 77078 18521 86760 95833 1438 23588 65185 55648 84234
6048 20
35364 31725 77095 32019 18223 64630 65518 77926 70842 34404 39826 91808 55559 69800 13555 98113 84940 56987 59051 22133
4593 18
10085 55170 20781 57849 29475 70807 53700 12344 22853 459 50008 65211 73562 32847 60466 11862 57391 82140
4488 11
22786 68115 52928 1395 75209 98095 28413 45625 85385 17466 60312
2369 11
74343 69416 88245 77730 54201 46206 22339 95906 46805 58935 58455
2118 13
19476 45367 43260 10304 22766 74657 10672 70888 63669 48689 54730 38440 15838
7713 9
22803 12043 26360 21411 2676 87456 29200 95984 76137
2956 15
9742 56253 15794 97294 61129 98193 12641 8871 64681 56011 20499 73144 38632 19057 14820
3611 10
92472 23644 95481 9773 49231 41807 2535 78587 72461 77740
6329 15
91187 99047 6403 3561 92581 53143 74503 43770 10201 99299 42841 66581 85230 50951 60584
4318 17
31191 73477 87053 29591 50870 48839 65988 41412 83446 84374 41517 28472 94608 69173 80243 39676 11815
5378 17
20739 93797 34771 12091 26865 80017 53978 49132 93371 18337 92551 5603 41728 32338 40327 19774 3198
3175 17
35385 22989 77147 94408 30241 7023 5361 80390 87567 41960 12851 47318 36081 53802 27942 37994 97155
5914 10
24999 83616 14987 83888 94370 49877 98601 72362 6760 56048
1131 16
59249 27654 1711 29938 10202 76179 57994 46634 84936 77562 77825 51954 90313 63375 84751 48814
4011 16
56544 17556 27377 93247 91863 62780 27333 91367 45199 64750 19886 71497 25444 95834 84344 37512
6547 16
5873 47431 77344 1551 38245 76796 69601 41022 948 17386 70366 69784 75157 42728 33036 35009
9467 19
39303 66786 53328 6583 9160 51019 39592 96825 90682 16008 71187 91860 96722 86572 24454 45658 56654 25834 20302
3532 18
94839 22839 86820 15504 14040 77679 14143 16984 50552 44627 82307 80983 44708 85207 21702 79598 89952 28881
92 10
73669 87154 33545 20672 9131 37274 57354 42710 23932 76538
1823 10
7759 71251 716 84113 13017 48817 65559 44567 70401 42283
2871 10
86546 39360 37772 65327 1471 57373 23544 38002 48391 62737
3564 16
77305 1094 59508 5687 67647 85539 22124 50257 92079 62024 73121 83454 90183 82267 61102 45590
4621 16
8530 34851 67461 99320 80779 41724 58283 98372 1344 74364 69398 36788 6174 91883 35802 64745
757 15
89299 32956 80165 70386 61938 84610 80031 30516 85117 6899 3877 66258 81960 46077 46677
7703 19
11933 95279 63948 44564 32939 68317 54345 89064 79918 64877 32516 79496 79705 43787 96912 38896 50033 83945 25525
858 9
48049 78640 23842 16748 54890 22934 83065 56199 64479
6301 18
69051 44030 40585 25499 20408 4404 18416 38908 32058 2254 5805 58941 61118 16930 5049 30745 54084 28787
5997 14
39698 34038 75884 46897 71542 498 37380 35272 62745 31486 76742 37107 85037 87195
8840 11
56891 2800 56576 48277 92879 8650 46614 15463 74849 70225 42799
4444 10
32882 87811 49509 45225 22022 25569 75478 98850 47703 61294
6800 11
20516 82153 1443 62814 34778 88125 83089 41628 83103 63815 12400
3056 15
70273 40626 53483 97156 69500 74359 33655 94884 82117 51160 39409 28158 8462 62464 7865
4787 18
40308 68613 45187 44414 82779 76752 1381 40 42675 12470 3134 18158 16997 36092 18393 27898 20830 56766
1743 20
65475 29366 24269 20821 94296 50750 23621 23004 11480 12591 89597 50948 87627 76602 9692 68503 34912 12481 80002 24247
3450 15
27543 69964 26138 51576 19055 82941 57291 90904 8598 29221 92930 80367 99779 40572 7802
6348 18
18876 10745 98401 72710 3843 66805 28139 16651 32866 13019 68118 94632 88795 64759 9386 65884 12109 17848
8773 11
75291 17779 56192 85276 13380 57468 89908 36647 40334 5104 33557
6011 16
60658 14748 88312 37117 35891 43286 80167 53784 23985 19771 4773 43225 4399 73873 34003 35782
1905 14
34540 90579 69789 5214 42113 88002 33696 31564 23928 31412 39096 31073 65062 94174
2107 17
77695 1648 28969 63024 4867 42685 92330 14248 86023 37222 41878 62917 22335 11143 57063 40722 49585
3619 13
11905 73422 10691 74632 2163 96921 86749 32042 78324 18988 79471 13099 17333
892 15
29306 83271 94538 59479 52872 69377 98953 75139 13088 87443 51822 90487 51096 5053 42250
6281 16
28517 54172 72342 92353 58961 73057 77337 36355 25690 62804 14332 78133 15176 34739 42637 82895
2709 20
36546 24031 98491 80085 18216 45712 25044 38049 82438 7110 23723 90342 18647 39089 87374 336 34423 12126 26392 25871
4745 10
35646 87314 9909 33293 52336 34557 56150 87975 70082 40292
9340 11
13819 70240 21301 5124 37971 68208 92890 17842 46540 15731 55464
130 11
18406 74051 15660 67453 78772 78198 87349 83421 92828 52276 23705
8464 12
40251 34904 99160 9697 52235 33541 91446 80732 2561 40886 4121 46750
1805 13
51341 13001 3224 93098 55535 5514 30971 198 95084 82755 18989 83196 65661
3079 10
843 6397 75515 87578 90319 62528 32433 26527 63263 4345
9948 13
4624 24599 90758 23869 74943 15301 10231 7578 78907 83858 60007 44866 55894
847 18
70470 20053 15168 36561 62193 62374 48046 28681 50351 70197 15252 1516 89192 4665 83644 18267 81754 68073
3366 14
68639 90620 66347 67260 31221 74387 36820 95492 90760 21837 32925 89534 6355 58042
3038 20
54995 77961 87132 35781 39108 74535 69583 39175 6670 78023 15187 77621 54771 6021 85081 42724 15116 83715 87299 88556
5703 15
30657 56611 41624 31355 30932 51697 33563 67905 70605 72605 34491 12365 85854 58923 3364
2993 16
38841 16873 20003 18629 34619 38961 8948 41892 91384 1702 71165 94765 12777 73177 87763 56009
495 11
91286 62285 14463 5337 63009 35150 12937 35848 78162 37875 98669
4322 13
39247 93830 71686 34128 66566 89766 19106 52044 65295 54195 67334 28841 36829
8862 18
64911 61951 22413 40222 51933 80888 95974 76154 13733 95484 85213 61649 10058 95183 4895 32601 92624 48111
631 19
82407 80007 22180 75551 45986 54938 58226 40475 71097 47946 44959 91917 13130 284 90469 96170 52195 4959 80471
5477 10
91709 91238 78542 8631 80268 3757 8172 42408 10685 93139
7687 19
79820 56716 63581 77306 45992 77380 85887 77848 53347 21087 21971 82606 24026 40779 13022 47725 21138 73637 36689
2691 16
58269 73781 90272 11626 99239 81234 52463 50032 45085 18677 26340 66329 8092 7460 22174 99995
4475 11
69168 99939 14592 15984 51366 62904 66240 17253 72109 35752 1459
6715 18
35878 70288 49510 96008 9544 69349 94724 95314 3598 68116 34769 21077 98111 26822 67956 75926 92033 1147
1198 14
35750 18816 33137 90890 65957 15626 36346 37621 57716 9513 774 90384 18139 90608
8168 18
521 1113 40460 62626 6542 77807 94264 52293 56717 96983 77395 96632 44112 22914 54366 59524 11928 98287
4870 13
16316 69993 35326 94540 58908 4171 77829 19732 31937 80393 33666 25609 53818
8558 16
36708 53871 90731 3341 24474 43499 92191 6957 78020 62770 49375 93997 37211 73423 61883 11887
8695 16
27877 15204 81040 79720 68652 81554 88096 16115 49874 41061 66047 59758 86649 65975 56484 94710
6728 14
76421 9028 47126 65305 16925 98490 27811 19904 79260 2719 5308 32846 10055 72313
8567 14
57663 42869 94263 30461 58509 2786 84623 87239 75567 54432 32966 40151 61202 90600
6840 11
95622 31760 60370 16012 44273 80884 88442 23726 39284 34831 78175
6919 13
91098 35820 56802 19046 82611 79403 60227 30857 66453 75196 21141 910 71543
4319 12
92950 88250 64662 24612 49885 83203 61789 67521 5288 28815 31577 7365
1090 20
68940 96998 6770 49034 87301 64013 4420 46275 97896 690 57216 23170 87357 54260 9209 11204 46403 30112 54217 78061
5396 18
92365 50715 63143 14301 70595 8407 21219 2175 77085 70076 44938 54557 72776 41185 58950 30090 69487 21517
1918 14
18580 83313 56616 76592 85415 38064 77303 1933 7079 72096 80304 61531 79082 64145
6531 18
54917 52518 86030 21594 7555 49846 36079 6040 22740 39508 59490 35674 64073 18748 30664 51055 84146 69392
7557 20
31883 98991 45739 56578 86238 89518 40655 4837 38895 61791 39949 82235 71193 75834 6468 14456 90708 23140 31895 21062
6561 11
62320 81097 41413 84143 50264 18075 89174 13709 61432 6598 73343
4085 19
98387 13994 80619 72814 53084 96805 54065 81625 31855 74382 51358 86658 71254 35874 91881 70522 95130 76735 35588
664 10
5931 82544 97843 73122 53792 55136 8756 63781 19978 46568
4232 17
73868 14205 65966 61048 76297 78124 92970 70684 235 12972 6391 34476 50716 37472 68181 24932 10469
263 15
56712 73403 88435 71515 41905 72273 46178 88401 28765 80855 64135 60845 28291 53930 24793
5928 19
6437 42070 6800 73704 58680 98020 16327 30727 58003 9901 70381 92971 71629 93169 46283 2104 82890 89660 48786
2232 19
74077 65923 49393 31579 38837 45810 64780 83134 48270 1186 5615 47299 94374 37010 95592 69642 62561 25193 67763
7912 14
41508 17235 98730 54153 2244 14303 36479 2469 52435 67247 92460 41777 47818 63031
4237 16
84793 26204 8390 30145 99380 55945 45943 47795 86831 6141 20598 82757 96340 97449 94940 9411
6390 12
42080 39452 2525 32063 2981 80827 32181 50928 1276 54822 21226 68863
5034 19
84833 65301 5595 50691 40859 42853 11293 64301 98359 63812 90296 83574 41607 93842 97492 66098 47955 76102 47622
5429 13
42271 86369 94914 7916 12531 73276 82790 99924 47634 6445 66957 14753 3040
4833 11
67325 76269 79037 21745 18668 20326 3880 19784 3846 73029 88713
3914 10
96649 82099 7014 72910 45795 1176 57159 23332 90764 28157
365 15
37998 89732 23906 30617 53883 92571 23100 48211 32384 7515 19840 6890 62385 2001 26869
2120 20
8330 45676 91636 32807 87999 55334 89467 14858 27749 62799 87368 20872 39744 39190 66499 81680 55294 71420 18121 97022
2791 13
45527 3902 94423 9113 59542 90458 35754 237 74206 79406 17202 19717 17394
8148 15
77328 798 65106 61448 38314 94396 74372 8749 7387 13337 78940 92203 90519 14128 33056
3176 15
22034 2702 16969 28716 75524 73286 26329 99279 7331 54335 68576 29930 86652 64489 6451
3691 19
9338 66869 74413 41646 79731 2121 25828 10688 74814 6374 31459 27344 43392 27638 72906 65137 97037 11485 14220
1212 13
5410 90835 921 31055 37877 71442 27182 81490 85212 23846 84548 1444 88741
8617 14
27336 12078 70208 80572 65001 89450 56222 27070 53656 58113 96366 24555 73616 62826
1777 13
18594 13881 96529 65113 45429 12658 77184 12267 93435 89216 43822 45486 90073
4847 12
43682 85766 16173 11089 15764 39814 18218 28196 2851 78893 49101 81475
2250 15
38008 10297 87671 68845 14779 46943 19243 87037 52198 54812 3417 3737 95542 84817 70257
1800 11
62554 51532 24025 29997 39404 31341 97417 88329 75484 37546 81760
8109 13
66840 10811 75268 5407 34450 42969 31540 23360 52328 42782 59017 36052 52339
