199
8445 11
24739 68649 2915 73804 54670 36909 91268 68395 39276 76419 74832
101 16
20446 18985 40385 95514 34930 25582 73147 58595 32249 77210 16959 69032 43781 70616 78088 54173
2514 20
88402 41775 87400 3575 78308 71331 45178 75230 96852 61451 60439 9548 9566 22132 197 4266 10028 47355 50825 49575
4306 20
83215 63877 95376 29454 57982 40338 60127 54613 47720 26342 80893 70647 41408 22106 95842 83553 35177 24200 54498 12242
2742 18
42873 75630 83366 57366 30371 44566 85298 44405 30876 5139 35022 77880 36699 9917 84502 87701 62290 74470
1850 17
3355 29296 63741 25450 90780 68331 19467 8444 9389 50412 3066 48298 84207 62816 37475 39750 70442
7696 12
36013 35737 44013 58088 69685 55498 1770 24208 29470 82197 43848 14408
4085 19
98387 13994 80619 72814 53084 96805 54065 81625 31855 74382 51358 86658 71254 35874 91881 70522 95130 76735 35588
7728 15
86041 73707 70545 65096 56525 87765 95770 58537 29479 26514 17967 12246 62470 71960 56394
292 10
96318 33538 53449 90971 97706 7376 68442 87532 23671 40035
3264 12
67899 49389 39176 82664 4402 11377 11631 18635 36549 97251 46509 98432
229 16
25515 86082 17533 55527 1634 57462 28624 68743 25042 28723 33189 97259 63815 88820 41469 5422
4798 12
20972 3629 4884 45710 75410 20854 31668 11259 36368 85777 17631 63031
6678 11
54326 57644 3822 88536 61086 38821 52475 62605 8491 72210 29257
7002 20
54429 91709 35239 75234 50958 22331 51230 21175 77826 61501 84701 44080 20431 65327 70547 28906 38729 33692 28610 34282
6594 14
50315 54261 23659 31640 23273 87680 56405 86297 84968 83086 28837 78452 62447 67175
4149 18
70515 83190 32801 27816 94538 18220 21724 7599 91343 52101 38224 87792 1008 66456 76588 57497 69457 85027
4573 15
19794 50451 27838 30399 2573 2700 10440 26249 50861 45312 35160 27077 49355 36323 46316
4552 15
53366 27756 59575 39691 49884 43127 73241 69927 61331 68837 66889 65462 58061 51520 47622
6568 16
56609 15778 62870 82393 15107 76297 67360 48044 95390 47901 77119 24258 73865 97611 53979 40682
3219 20
93454 14863 25465 38291 42464 49221 28236 82555 36132 34513 3403 33000 11184 31144 96811 6771 45171 30191 84887 50410
700 17
46696 63109 26138 59674 42168 36847 93756 63296 54636 7868 37842 60993 39180 9865 67210 66592 24597
9832 11
36565 1785 55459 83287 9227 10528 21076 89715 20405 30669 12505
9776 13
61042 96078 98477 38923 48547 86725 20354 23472 2454 56976 88282 26188 12707
271 12
35724 20456 63979 58492 43628 32097 73697 10308 69751 16770 21063 52609
7649 20
36181 32627 29495 266 82131 33236 34768 88403 46814 59626 91586 36954 7123 24180 12748 68683 70671 72248 53827 42560
317 10
87192 14071 82751 5507 50601 91989 35908 75006 47106 62775
2899 19
23790 22960 73422 76929 66185 97510 7636 89161 64415 28443 73507 33647 78020 37429 97387 43619 44661 2976 68108
5183 16
77213 16578 45499 15272 12674 87588 30363 40603 98307 96415 67503 34946 4666 58191 1046 15475
6550 19
94970 97138 10051 35700 31067 49892 65313 11530 97857 7958 93066 63103 12759 33058 80912 57286 85050 57527 16395
2215 18
13098 80580 89018 94339 68810 54028 24297 50170 62677 10019 87618 78447 25023 71695 71498 23771 75818 2117
2470 12
41551 1465 55965 63724 17111 84926 1537 76510 56202 90674 41697 39710
5387 20
5901 92732 173 31591 96791 18480 63514 9852 79307 55447 82531 25220 28799 7927 73041 7167 55566 367 59020 41478
8657 10
14330 413 68039 54973 4513 63005 47553 34330 31294 2549
6103 13
47221 65427 61514 64879 20775 45983 25632 49930 53535 52391 11737 61665 31825
2193 20
29761 25127 52887 42362 67887 95909 26045 2197 45285 12833 19415 9133 78862 43613 87747 56305 52500 18658 27696 95088
6897 19
56907 95402 83304 28038 71074 14860 10856 3932 87937 54263 6564 43423 14925 48793 75602 16476 73295 54084 37550
4920 18
79225 38893 24622 35872 56089 30216 81502 6302 80154 6573 11950 33332 97624 92203 40996 64394 77375 70088
9925 19
67164 67971 32290 59648 68727 79183 65805 9491 39401 18840 75380 76086 1368 61658 91552 11784 98421 52043 11544
8203 14
12805 51276 33961 32346 63330 54999 30069 35790 98586 25963 3669 77358 77899 24990
2925 16
64978 25061 68394 48467 98111 71292 65025 32761 61956 42285 55018 92972 33784 89123 98736 78463
6159 16
26424 50700 17084 43930 73645 69298 45627 74615 36236 54193 46377 60135 31927 15717 43744 30986
368 20
96289 93901 12714 94488 46529 35072 49988 98103 18695 75200 85919 58444 36745 71361 36764 37600 38190 57843 81425 76559
2900 12
63775 64218 51805 28661 71673 15207 47321 5624 8159 314 21725 42158
9382 10
6281 63320 1960 83873 18006 96367 42379 39021 97104 10976
681 10
96696 65697 37900 7156 67712 85624 55319 96612 92045 9145
9262 17
58501 67106 71584 69915 49295 36382 29142 59008 21529 50119 84435 1725 61316 45949 56822 53215 29760
6495 11
71467 81853 23036 92061 39957 34058 28947 78510 19242 38180 2406
2525 19
85337 69279 16690 83892 88679 32685 90801 30622 25043 28464 56644 98305 22160 81129 67598 3014 87695 98019 22880
6281 17
28517 54172 72342 92353 58961 73057 77337 36355 25690 62804 14332 78133 15176 34739 42637 58622 82895
7073 11
71289 88379 80352 13251 42198 9122 85590 21587 90623 84485 33241
8256 20
68335 54117 25039 20292 3418 11487 99689 84839 7932 177 24371 81585 32691 41512 69869 72918 81915 12431 72819 70836
6419 15
14808 69880 7058 83541 42366 97907 42744 20467 13520 81337 52779 47132 29364 17949 16924
9174 18
45655 759 32875 72594 13358 16278 28169 76592 76828 89616 91111 79026 49682 76253 44112 50310 54615 64479
6576 17
46173 76289 2405 37713 709 90562 27080 19078 59711 67843 50222 29679 96340 63402 99596 56232 16114
5446 14
48879 3353 48027 51707 86322 1793 67419 89628 77268 43246 97466 29633 52008 79108
2341 13
50356 78488 99655 14097 20220 65217 94835 8948 25296 1196 1403 85749 32227
4715 15
78812 75103 76954 3690 62958 51784 10344 93728 68926 47297 89514 61183 68596 85468 25617
4738 14
81910 65500 31630 36002 12085 23920 96924 12651 28043 91009 4512 15412 19410 66701
9245 15
78992 68999 97222 82845 29239 44212 69224 73886 91388 46688 15629 3719 80918 97961 11431
6104 17
1238 49483 65616 85380 7215 81810 67613 99545 89997 37938 96143 99653 73511 88630 79905 74752 10205
7106 13
19315 22672 76110 8493 16427 74178 17929 83618 38056 92508 68559 48327 70724
6263 20
29130 55483 87009 6859 94082 28689 63022 78035 17914 6514 65865 60147 55536 79926 55235 80246 84977 51412 37903 83442
6778 18
95296 30961 34242 21137 6127 52112 54201 73491 87782 16495 37912 35639 98077 74162 20464 29637 59211 6880
5560 11
37206 15895 71713 21002 65131 55880 25770 38922 28939 87845 43097
9673 12
71432 54781 24398 55347 95850 71259 73814 68269 22868 76288 66150 16777
3495 16
98643 735 81095 25050 91053 33718 74639 18194 99897 10237 9244 19694 95476 10614 79684 46385
2139 18
21068 30980 60457 80571 17106 57206 39405 35128 99975 30195 66685 6885 54523 56967 40668 20838 24390 4099
7385 16
44551 54668 81373 74005 46705 65501 17787 50767 66945 61559 11396 77059 4489 34543 58472 90190
5247 17
5047 13910 53541 10565 23711 53320 33596 92041 55085 6620 79458 62844 8655 38520 15195 94238 56996
330 18
36960 84079 90911 19359 89467 69497 96557 6304 72030 56004 61998 5331 24391 4819 66343 47329 98597 239
9460 13
2404 22338 72555 66906 87693 87181 10043 94677 3868 19632 60724 27752 43007
9457 20
64646 96619 13922 12522 66224 83295 53331 57379 79222 67115 13995 62618 31648 42600 97548 68765 54094 702 80203 7798
9712 15
74180 18452 42401 62251 43143 97276 98188 67847 40609 9043 32420 94479 753 32151 80261
8167 19
96255 6848 29009 2163 27999 67242 90719 39155 28798 44435 4232 46475 15702 53557 40883 8298 56027 78453 21517
6468 20
33024 70998 45359 52653 12308 38772 39842 6743 5418 29476 93445 60710 84678 2730 85490 43956 3664 15038 81275 68680
3337 12
79152 55273 30149 45484 41786 53782 70992 47356 82047 39792 88709 48175
1491 10
26376 64376 46948 40610 89224 32804 72736 36866 40304 52258
9883 17
3830 39882 94182 36912 83828 46666 83645 6274 43069 38521 97782 17818 98487 49046 75341 71640 96059
1769 18
87017 7619 59229 89148 41913 95524 47207 29957 39873 12071 39695 88216 85843 36196 77756 78261 52421 18408
3258 16
30095 45434 57657 88380 54329 95274 99284 71469 63097 12543 48024 4559 32506 29180 77319 40100
2400 11
52476 71972 46872 37333 89660 86572 15302 36118 30185 98531 85937
5757 10
98236 13486 93922 86566 87720 75406 57198 38249 85173 32976
7698 11
27200 15449 24744 213 724 64802 64194 13371 4800 39038 3885
8033 17
2919 8024 90525 38348 44501 88568 29245 55854 41502 99271 73056 64948 85106 26887 68909 86261 87991
2056 15
92284 9144 77980 98842 57438 39835 67658 42755 60525 16860 53394 10855 10932 77494 44844
1777 13
18594 13881 96529 65113 45429 12658 77184 12267 93435 89216 43822 45486 90073
2993 15
38841 16873 20003 18629 34619 38961 41892 91384 1702 71165 94765 12777 73177 87763 56009
2178 14
89530 62944 13085 34944 85358 65655 53515 4356 12429 90394 90720 89695 57860 88251
507 15
18443 46497 75900 36859 66589 54674 63026 8520 52892 53895 16830 83617 95167 40391 4857
1544 15
30370 50240 16649 25713 67840 47926 39271 29314 37213 53034 8966 84168 91937 8785 62433
9226 12
48300 23576 34440 9225 22888 87040 88988 73702 65833 64771 14699 3427
3183 13
73840 32738 5943 13026 23712 51812 11291 45511 1277 78738 6119 90910 32876
938 17
59728 60787 63140 63648 96197 40342 25333 86730 95690 52667 68767 88373 97224 58567 88994 19821 65945
9613 15
58365 79775 92883 37744 32315 20025 67630 71390 14945 69480 97823 52099 1287 48896 81608
3159 12
62207 13802 53196 40692 98685 7801 89121 43258 39551 20689 7670 47311
3279 12
99041 36315 67226 98712 35275 84848 92831 66295 72249 74302 19352 86442
1038 10
59548 31179 42053 88064 90385 12915 51201 89327 60326 60692
6221 12
48859 69793 35896 19121 45433 3988 32015 14763 99725 24708 51262 12962
8116 13
78616 62148 40187 63772 54000 7364 19042 67162 65575 43837 88078 56460 97657
1705 18
69544 50406 45330 54074 27480 55585 26647 22932 60703 28747 29573 10868 85721 41700 76267 5702 26430 20589
5114 12
51753 71274 19101 39537 10816 64125 84008 21348 85069 11071 17830 83395
3382 15
11463 94826 116 94422 67960 39532 33008 86125 91999 49621 23686 2337 2237 81475 79376
3247 12
90099 18090 32734 93744 93240 81926 30501 22884 66506 94655 7233 65871
273 10
54141 20523 43542 5886 26350 81132 89638 68337 53297 88489
7737 17
32276 83212 41993 14995 95552 91654 90138 76706 46327 17918 77702 12538 99172 73796 42927 62385 13038
5360 19
33065 91915 18325 82605 56937 43051 56856 54788 69020 20246 20416 31018 55642 66546 76585 22487 73095 1845 59857
2587 18
59099 87346 97852 40473 8286 88240 19186 5097 99422 19530 95181 43071 35217 17487 30053 66321 8813 79947
1173 15
20153 16136 43022 98061 38468 61286 20599 3757 14082 92218 80006 78596 16426 28558 36425
6323 14
93013 17708 33872 35492 70626 82879 11250 44292 18649 42751 66885 52281 5462 23595
7890 11
82199 59289 34534 43458 88428 62095 24317 98796 98320 33870 30387
4113 13
71884 79195 56611 88951 3046 39946 74485 88909 17242 69155 66344 29472 96796
5694 15
4576 31282 87359 54315 10986 16620 73081 15018 82043 18414 68255 25900 87698 35859 1655
4670 13
12333 4418 98707 53078 97015 45310 13732 70073 63725 2160 40521 80322 95085
1658 19
76039 60520 82205 75040 41702 45556 7516 44846 27417 46336 82603 77913 28445 41362 53409 90179 61092 46412 54505
2720 13
57253 21930 73411 68904 26241 79106 91611 45618 1614 73639 93769 90752 65909
557 11
30907 46799 79825 88647 89045 90317 13536 48875 53715 21337 34671
5109 18
27223 74113 25680 4675 4518 25417 67949 17428 76245 54197 75684 67954 15093 9836 21327 76521 96380 81424
3084 20
36070 18740 37683 3579 23219 31962 90207 53538 47755 53992 60630 75162 22654 67364 63057 89271 79261 66140 33349 28830
1928 20
91387 30272 71206 13849 2137 50666 71220 56262 98559 37082 78401 28227 7612 16058 29389 9633 97196 35298 99276 83502
8949 19
14383 44503 11373 78230 79701 1312 76004 61966 47350 54080 26215 76677 48427 61465 66228 11696 61446 74213 74324
6750 17
42200 23236 74685 93751 89029 65197 19079 35008 93536 47113 8980 86270 58508 13807 26465 13338 57941
8864 20
45015 2765 98952 52428 9988 68425 89664 66286 58855 84343 25442 59322 3644 123 10942 92168 3008 98665 29077 74161
9952 11
92306 43660 88127 98626 96648 84073 86956 23164 10359 50646 15371
118 12
38829 64898 11010 35787 30661 25685 68736 53367 12280 37300 10454 82617
5290 11
14895 12944 82451 37507 72129 6358 43126 60937 13708 2025 28685
437 17
43914 35663 85558 72232 80214 50667 22642 18990 67807 60717 81596 98990 95820 73290 97924 97759 95468
5292 15
30212 55383 89811 35718 63012 6050 10177 79406 18357 68171 47875 8503 94883 56218 70906
3476 11
39210 83027 55129 95306 47832 11320 44978 20795 9968 40007 87607
7697 19
16256 92944 53055 31717 7199 55316 90059 42257 21958 47377 13320 4912 90621 79512 64738 78094 23596 91280 976
6254 17
17767 44067 84385 54511 67595 65942 97932 83832 75442 22203 21495 59387 24191 9069 38356 34081 96707
4173 14
7700 67331 34697 94351 90607 34696 40582 45265 6761 18946 55769 15801 30860 19954
898 13
44004 87084 10594 40281 47679 54993 6378 45134 49152 50069 95744 68644 33614
1020 13
9012 59483 7890 33095 80798 69363 81355 18235 69596 79140 75264 91592 23978
7594 14
70307 10648 29280 72978 75342 74153 37384 18157 85279 84674 48297 66250 89472 68793
1691 16
11718 23329 1847 58426 49517 37925 79260 44783 94031 4845 21944 72827 55702 33133 84304 35353
8398 13
398 61568 8575 53252 67963 78309 68770 46706 24272 88986 24579 14299 43037
44 10
41077 68663 47089 70619 42293 5774 42450 44184 55186 99995
3145 18
37013 18558 96033 56520 9298 56795 67669 8138 82833 75249 1539 37118 18257 21898 92592 24891 38087 43228
2633 15
79083 75449 68550 58324 5314 37745 91884 52174 19679 46256 63669 45155 20019 59331 58166
5722 14
34371 74404 5029 56638 7388 13335 78665 83968 93519 83663 95834 52192 30603 83471
1292 15
22361 56562 54443 23058 5504 87426 62702 23069 25891 54394 54836 84263 96964 87445 33342
9073 15
60928 33207 70587 72287 4455 42630 9160 44937 14472 84040 95955 34570 73625 87013 67513
611 13
36135 94347 23220 99145 46752 91334 25717 81912 71245 19440 74998 67845 14206
28 16
78067 90587 89282 31037 97303 6372 73030 15591 60398 3516 4431 93781 8020 4816 95507 85083
1361 18
2574 24193 8013 66725 49862 245 23315 37985 93481 98455 82665 67742 36891 65315 13303 23169 77140 36320
851 16
85223 93142 20535 13043 6333 31627 19205 63473 83653 85803 47634 18175 78256 1334 4658 14054
8231 14
83274 11135 90980 35838 63064 27259 89537 77976 40073 11166 42848 39471 12650 33245
6350 19
91967 85008 12098 95651 74719 22137 90683 29478 88930 95079 29897 28244 13595 80162 77825 51631 91017 93115 81013
1448 13
53233 91418 45379 95566 14370 97191 46160 88725 92889 88507 45990 61385 52876
9702 16
63975 77496 96935 47152 89086 51711 9987 1112 80762 16939 31672 57784 34872 79870 25175 11170
7578 16
29526 92467 68430 98658 83688 26580 24306 34144 3886 69773 56738 95178 13067 88406 42954 81800
815 14
93171 17474 75795 10297 29665 91207 76048 17136 17019 38897 66065 11232 68126 1690
9252 9
60866 11444 60934 2520 40440 80562 17339 29965 46067
2066 16
17630 32188 73064 71063 22437 47081 68941 15489 95048 38762 85025 48970 50415 44058 63161 2513
6984 15
62488 80484 36779 96671 38064 51604 21336 44630 3119 71430 11186 17785 40224 5775 15373
5770 17
27896 57019 38112 89717 31571 7820 35433 67762 82711 92555 42044 66524 82734 86163 87278 6337 29347
7046 16
68407 80987 59209 20076 90356 78957 19097 86474 9189 25156 97324 12637 78128 47103 57174 3432
1517 11
16705 76465 17950 8631 48600 99024 28432 42578 40074 48 54831
2038 13
34135 22505 45332 45711 35215 27918 14010 76077 62733 54354 40940 28592 41269
2147 15
14417 21848 23635 69647 58874 70931 87523 88703 76154 69524 79979 39926 66472 46721 70177
39 10
80241 70955 6160 40361 75554 52877 51883 83488 42324 81581
5437 19
58359 29133 84137 62156 75118 39244 78972 63416 94845 40517 90727 10326 36537 70941 99313 46209 49865 37541 19419
7162 18
23471 40369 47743 62040 86002 75023 12104 566 32720 76968 14996 54450 20568 2189 98655 81540 1335 12286
7190 18
95287 39061 66227 41213 56465 17183 56435 8790 99587 32193 68106 12341 54007 5743 26049 29443 12892 75476
673 19
73053 37068 58881 17215 46508 72520 50079 96349 29444 44256 93437 59134 42583 92933 97092 20178 4694 74144 65306
6277 15
79942 96051 7871 74588 78484 24975 22942 96071 14576 67239 19770 31178 80304 36900 38283
4371 12
78912 79871 21017 89082 77889 21057 52042 51151 79020 79211 66583 24693
250 17
74501 65291 23274 37031 53808 60049 84453 62352 59444 87256 37274 85818 90675 84442 2446 91887 87909
9732 19
34279 70399 68587 25547 45457 46395 59657 91031 14832 27469 30621 23745 16150 21619 5122 97489 97694 23923 50564
9164 18
34662 113 15190 82409 32366 73259 5151 28391 82822 29362 14989 21899 86054 52413 21543 77024 25792 96298
2015 12
83114 17458 83637 28202 79367 70433 68710 5127 25157 59233 20697 78147
4474 20
98925 8893 83084 60352 14861 18280 74781 68201 55416 35074 68386 43774 85556 43219 86983 97113 27083 17164 84418 96342
7118 14
70639 15267 97023 36352 26161 35260 18588 6733 18974 38436 6917 55382 3914 91120
7274 16
28536 99322 56897 11288 15416 67335 13037 98846 79949 97279 65962 56510 77659 70856 37253 37224
489 11
90826 58486 42519 85685 43477 13509 78749 62622 96269 51755 9255
5443 20
33542 49078 58576 50373 58570 90395 70499 84356 46542 89181 47444 8409 28492 13980 89835 75229 30073 78365 73442 43420
5349 14
96240 67313 94626 28270 16421 87938 73137 92113 87421 92947 46846 76176 35796 95302
6642 9
82426 27336 61459 46812 82638 11790 99831 81020 55184
7193 17
57697 88975 59092 69087 45085 92266 69289 71752 21857 59466 87526 81187 84847 82055 28134 39397 53826
8719 17
76035 1096 67425 43658 74557 85184 6508 88761 8950 37896 67383 98368 94560 67081 78320 20127 45747
8241 19
29132 12586 1864 66673 49610 53155 37229 18105 36344 78221 59231 91943 91993 48071 30048 57030 93484 7348 18292
2767 9
69255 68690 85365 86574 72160 46269 8235 58522 9219
6643 11
58905 99184 4115 63133 94483 99968 3395 28141 20465 85321 48733
9506 17
61131 32320 91177 53947 73605 13325 28035 82657 2253 55571 95401 73120 64272 48747 33125 52150 24168
388 18
57315 9667 63370 10962 32574 29137 30209 90836 16186 20057 19778 32731 58996 7902 25361 57510 93366 55362
1908 17
7439 77782 54764 73661 20751 90503 62615 70876 40768 62002 28761 52161 85501 94935 65457 59263 88155
4344 10
23082 59013 99209 39592 80135 6321 36735 62102 10613 78140
2656 10
25018 94040 94767 36644 72073 41558 93919 97661 99745 10143
235 14
13220 50878 75999 26904 99459 88348 21038 67130 12165 93740 38953 80595 18911 65953
362 13
64128 78923 27630 4969 48894 76587 19898 55559 82110 68173 41511 64663 31810
4273 11
67891 50238 19273 13573 9899 7493 42295 67823 55802 25865 73157
5438 14
94553 87397 98 68452 13272 12924 41381 44812 6373 76256 89930 49632 60056 527
1615 13
72081 8743 48943 41562 16979 98400 2039 79922 81152 79395 41881 50652 83953
9081 12
82682 3001 1161 86117 93266 71966 55774 27930 51304 56624 36605 37630
2731 15
40647 29909 66571 86934 95506 34970 80896 26107 26358 27455 94610 81787 150 83470 64858
8470 14
54087 45443 31191 23644 60044 27881 52520 95467 52814 30285 87214 36081 18874 66070
9927 12
15046 62049 62499 74206 79480 25242 30544 6861 6495 87095 75180 79254
9566 10
52477 57624 65721 48216 76358 44518 60741 85657 3302 41865
