215
9376 20
63874 62276 22372 65801 18129 16020 17407 82211 86351 88507 53837 49877 16849 55651 26277 75734 60033 88445 7392 15653
6644 20
89990 62465 5281 47332 52990 87633 79918 60249 35676 34217 91504 2164 10816 32722 59710 43182 39066 67532 73905 34688
3780 11
71 10780 24280 25832 39895 72790 54514 99673 50908 87183 23965
4082 10
48890 15559 58426 97931 38079 23389 51277 4793 88085 90261
4523 19
41534 12472 92316 49339 17072 39922 3867 1144 69524 31314 80123 96393 52073 15898 41987 72151 22245 61460 75486
7188 15
76337 81440 84057 21481 88119 89033 70171 5374 36450 58868 78360 40357 84688 82229 17210
5665 14
70373 83759 72290 74985 44135 3460 9186 23015 22498 28842 35461 85810 90147 72065
2876 12
28551 29366 14557 53580 92305 69894 76590 72468 93202 21898 11362 42288
8917 14
32911 3456 38007 42526 18745 65614 10177 14901 40941 61097 22365 60134 39083 6604
3414 15
53780 47681 60498 96993 46162 91806 37748 99745 44167 50822 36473 18116 10709 61996 28869
309 14
79531 60152 88030 19890 85953 65057 35295 73142 84177 9524 17401 32493 43885 51725
4 12
89089 50423 75782 24927 84490 7521 88055 39112 7431 3437 14116 16808
416 17
27052 96196 71411 80870 58698 61397 57140 78548 10280 82929 19674 84065 97542 348 1508 34561 85782
5229 13
77406 50471 40749 70500 92779 40015 22332 70909 45569 23585 21609 46851 33429
7955 16
50499 66368 89490 14542 69333 4484 76218 1130 39619 51895 17956 90921 48135 9044 34528 44352
1148 17
19007 75403 82302 72125 79107 34651 74023 84665 79983 96516 73329 41821 42294 56234 46251 80311 6004
61 16
26401 83635 10448 17897 30734 22628 26630 270 91850 91434 4280 78493 81777 99911 74641 38128
4744 17
63086 55476 53211 13520 84933 94195 9196 23418 54244 2063 63913 38011 97702 59853 88959 72262 61727
4072 14
49199 82737 24964 82192 45975 79313 66899 20136 40813 72640 79547 20232 68899 27998
3851 20
39971 77962 52840 95097 2886 50622 63080 93541 68778 8631 75529 56534 55857 38306 76669 55910 94392 83123 99995 10676
7730 17
96731 41906 13963 49142 71723 79303 23892 89426 40274 25129 14673 42926 8499 75932 11914 53384 62796
1818 17
84181 24998 67330 12877 38290 41682 36391 94846 97651 12293 12077 38163 72212 2901 95446 82054 4581
9930 18
7018 31945 52354 67884 10560 48502 36607 20648 58614 58972 1143 90104 77304 21141 9300 95750 94706 85769
1012 12
96698 52998 24508 74354 59172 30549 984 31213 23111 33599 91776 83045
4129 10
98289 64528 42501 96562 34380 27660 80629 21335 62763 81341
7769 15
720 47399 37760 67754 47555 17786 21768 75660 34196 4690 34858 30298 99552 68244 53487
2668 12
82297 5029 25147 46650 51007 40284 76920 65330 82290 16562 40341 25106
8624 10
81897 16149 95528 43169 3347 93028 13968 68596 61292 26914
9349 16
22034 46782 27110 16772 49333 2672 92927 61627 40337 66258 29017 25475 12036 2822 82705 4859
8449 14
14558 20646 45138 28274 80146 39740 8130 1067 63841 79160 6551 88496 150 18333
4300 16
67648 39613 31061 16592 31821 24425 14456 3956 46790 40386 64394 76046 54399 11033 70905 36569
1641 12
35014 44294 3636 65620 5490 78986 80806 29409 19517 84082 86442 74388
5116 13
14172 67933 58302 10318 76100 17915 61433 35213 49648 84098 25682 62943 16945
7202 12
55636 65009 99848 23413 43188 29432 59338 6972 28944 57010 70730 83640
6802 18
28392 70515 32525 74384 62855 15035 23833 56425 20814 20599 99924 33143 81284 8377 41580 43484 64426 40156
813 10
32256 11997 85509 87626 29194 40902 76537 18689 24136 3780
3537 16
4688 8155 85588 93403 38293 57822 37669 57585 92836 73774 53003 87798 50692 81505 47804 37618
7696 12
36013 35737 44013 58088 69685 55498 1770 24208 29470 82197 43848 14408
7404 16
52462 33973 12349 29744 66185 41564 89545 42065 30082 46254 30479 63607 74386 79959 76466 1300
4473 19
42415 4317 53865 73746 26005 6122 81713 50259 71325 49167 95684 43064 18569 91984 51623 80782 50710 62394 77021
2313 20
18885 43444 46411 30250 35572 84401 20863 92673 19442 48638 29926 58997 54338 47687 17685 83069 70097 96096 28460 49659
1804 19
22872 81048 98740 63558 54948 25172 83810 71213 7499 68436 83666 81726 8704 56135 26213 89315 72846 73913 89330
2565 14
67723 13699 60170 1357 31243 98444 90677 53394 60023 92265 98761 1581 45078 77450
4740 16
203 99687 13399 80409 43142 62409 23128 5861 95979 28244 29960 69551 28641 42889 47057 8170
2978 13
86796 9083 93759 63587 49282 68618 64322 22868 52591 23261 31669 38347 40746
2451 10
16574 45868 54235 42870 48485 67456 82897 469 45685 12426
575 17
30520 54203 13976 46107 54252 27165 30942 21136 55283 13806 60319 56588 21379 28423 91875 82813 12109
8931 19
44975 73422 46470 5681 56908 78860 19568 95780 30542 85129 9389 14462 48430 99045 14270 73278 51296 64479 79669
4035 17
44547 59289 50563 6854 33423 9140 93810 89324 27594 18030 56658 60347 51908 47786 90985 75412 28056
9679 12
44680 72076 14328 40355 29676 47337 95311 15921 99983 5315 21988 57609
9220 10
66353 27162 50226 43220 25538 6435 79747 28767 91382 66955
5666 19
99373 64346 99441 57402 15219 98253 35070 37384 43426 7042 81153 84008 59019 57680 51504 99779 61210 78212 16932
5442 19
46339 77040 39546 11185 4414 8369 5966 65527 50758 90500 24380 84803 19549 82770 38414 76131 31644 88037 1754
4766 12
52953 53045 60239 17846 69725 54867 10654 17282 81859 85998 71815 3503
9992 17
65697 18310 63811 12834 19245 84675 24118 50037 21906 60898 65970 2448 94642 54487 28487 97315 11896
6026 14
66574 79081 37028 55968 47270 98331 71948 52690 4417 78141 24845 77159 80401 42880
8289 13
76701 83209 91840 44124 30939 38015 31144 12725 43722 82082 36754 20381 66519
7516 20
32105 4378 9207 33682 57087 23092 8639 25892 91721 72832 45618 82512 54684 70559 8224 44872 35605 73740 46465 39664
8776 17
912 96034 29269 44536 38934 70189 11698 63817 51317 98668 25265 97997 70877 66537 37788 23510 30352
329 13
45629 65096 32209 10734 67080 85594 40133 60156 92288 29173 81187 66169 59256
806 13
68168 71891 61355 43442 81762 91541 93536 43249 77280 59283 25022 2074 82846
4445 17
43752 62825 56712 43633 50809 86879 77720 60268 59127 73055 42766 32619 96486 73735 63365 88140 14088
1735 11
43115 80526 63507 70285 96789 56016 14248 71823 96598 81059 49849
5708 11
82650 7715 48179 98542 62126 42693 98524 96013 80304 80150 10107
1187 11
54176 77873 67416 94661 59937 25363 35904 10001 15858 17887 66850
2306 10
1404 1224 47632 4274 33250 3977 28498 58012 8273 94367
6400 13
36956 75938 66453 71430 54193 12785 23947 22744 55219 2655 97533 6441 1317
1752 20
34219 14251 226 97137 83265 63175 32922 3970 30714 50923 66285 6294 67044 88425 14089 78980 40002 3907 56345 70743
4756 10
40880 84394 40473 35047 12766 96390 7485 77917 21581 77620
6245 10
2211 673 75975 40401 65026 67258 56909 43794 71510 63563
5967 14
9946 83581 76999 94095 6588 2414 11589 5464 71030 62540 3208 18164 67705 68917
9635 14
56946 14909 36307 63451 18339 86859 63522 36346 49043 51233 84778 64695 64192 63684
3607 14
35202 29078 33124 44785 57568 56818 3480 26689 71238 91775 83853 53176 76851 27064
9616 11
86840 1692 17570 99815 1364 75156 7556 16417 41559 78190 26504
9612 16
76294 28343 16082 85993 7590 68462 70585 54022 13509 98853 19368 4948 50339 79592 80804 73671
2603 17
58656 9370 71841 24595 7725 78833 77602 87256 63129 78359 46114 27138 11334 11116 15319 63073 71547
238 10
44913 83068 70318 20621 77251 76242 49401 42051 99880 68570
2561 13
65706 40102 22987 18322 99027 25282 72520 76215 94413 18865 13300 23174 46865
8869 14
50700 62772 27848 25250 9550 52124 53509 38328 82758 61039 49369 87161 13964 36087
1948 16
51547 21221 44912 85158 90682 44627 62011 21302 39560 47299 87494 27621 80843 99273 14595 55184
8477 18
98545 1345 74320 31932 2488 92382 93866 5189 77580 39721 19176 94715 77335 17832 64335 42039 69391 68110
6548 13
42042 16107 86437 24343 29503 53957 59863 66208 54445 46266 48468 56560 24597
2759 20
39908 59588 22593 33693 20900 90412 43513 39207 18178 48522 10911 89978 49471 90172 76238 23359 23179 91442 32169 59994
905 9
47661 66607 27684 36370 41493 51349 49717 94250 17697
9282 16
51984 91637 87426 27983 99275 93721 85415 44038 59807 88706 60552 37341 57941 23639 91138 64083
8359 14
58918 15136 6636 27907 29789 57383 86853 35916 50653 36418 16251 52223 64462 33807
5878 19
24235 69799 76678 98054 26382 66952 54676 31596 99054 40835 77185 59590 44649 74694 560 37761 84287 3227 9243
570 12
46901 43624 48556 33072 41613 41333 95930 64999 43671 77538 19972 7533
1940 11
1935 18210 23551 17064 37971 60753 90017 71444 9662 8102 83694
7391 10
42426 79600 69302 41901 48039 52874 14018 67581 88685 46261
7428 16
36444 57878 42536 1849 65440 8958 31907 27022 58371 84599 29979 92054 50126 80551 33519 53241
8239 17
17215 46954 79690 24069 5186 96392 450 96795 6475 28532 39089 36454 36389 1708 34187 30991 57146
1483 15
65230 36163 26223 1323 30165 18436 91660 87422 53648 13120 58126 27476 97291 64461 50429
6423 18
16915 6832 40246 95350 95909 60935 7116 51462 64766 77451 59936 10228 83681 23991 28524 9657 92164 29438
1633 14
15659 42531 98360 93347 43435 94786 72121 5312 58188 25661 17025 94223 26051 76842
7854 10
17987 91452 10362 30680 35705 83173 55500 57174 38717 56868
4529 13
17249 51341 63230 76036 74981 7438 35372 70870 84852 56710 15801 95577 98945
3162 17
45853 57718 37771 15787 26920 7200 44136 38786 94050 36009 56030 48889 90027 92112 40323 50177 46635
8177 19
86465 62193 37076 18057 27778 61129 12332 45970 34772 72882 12082 15824 87722 47292 19949 68303 41349 30779 42461
7422 11
4558 10471 70949 91533 61478 38539 44116 83752 39109 17949 48469
4059 10
95569 62569 88056 12229 19054 3166 23918 50230 86716 36425
2761 20
63322 51499 76196 23168 66730 27433 35400 17870 43486 53753 75348 51639 99504 41063 47506 87746 13609 24111 94016 32886
248 17
84520 45880 42673 9102 63932 7283 42868 33656 4364 21590 71460 10590 14983 41047 41711 31765 99836
2844 18
80140 68704 60242 42675 33407 25923 36905 54250 41712 71923 7206 17128 26121 45857 24330 4865 37364 56319
4329 13
40998 56779 27318 28545 30735 23446 41827 5844 82097 19728 53472 43494 18078
8218 18
98039 76069 11988 99782 87893 21059 33965 43022 63799 39972 86856 64098 88196 19872 85137 28145 82574 7233
7084 12
16320 25638 25547 39056 47433 38327 29223 55157 93825 70667 50476 38219
963 14
6568 37402 1039 98800 91036 83252 75948 83507 52089 82597 28885 80121 30255 72532
1736 16
76014 14500 64976 25645 69424 38986 303 28835 3596 34738 98996 85057 63766 17055 87013 79834
1866 17
70093 21328 57067 13466 24009 18654 12788 24349 98522 54631 93475 86175 35386 9096 3909 62349 66438
7295 18
50895 62272 62734 59894 22180 40379 92686 73470 56357 22831 99249 40316 23001 88310 82321 84234 60696 23196
8640 16
82096 89515 55393 70596 40475 77901 23251 68503 24657 94523 31475 30647 45274 2252 62768 96753
2906 10
58055 78241 40331 95667 23248 22448 2352 80062 73091 12001
9293 12
75419 48143 56498 92465 75917 36521 16774 58218 5814 9764 30642 47224
912 14
45566 31883 10484 69082 52102 94217 18204 71580 5431 22084 8088 23225 36362 29793
5877 16
34708 84834 63999 53091 35038 84247 62383 58509 82890 66863 4759 35985 30026 16561 80229 22549
1638 10
52448 89528 97787 68545 71993 84949 5091 10482 5087 3724
6309 20
11607 87322 80460 82507 45999 38955 75658 93976 21737 86093 96428 79448 14653 17753 26640 38032 48809 95246 95180 63596
4294 20
28259 3732 57104 24074 7179 94992 70777 84844 69477 97694 42612 32052 36302 90127 6940 71949 56474 75213 82569 52310
2476 11
77657 35065 57155 70871 87780 14124 6274 82142 94451 3544 69462
9249 18
42290 77057 85493 5205 77217 45327 20760 80125 10290 82320 46240 39161 45659 8408 53510 61718 26252 86535
965 18
11146 38092 46573 59425 35736 2703 96799 54433 48933 60949 8982 83181 77830 25266 64067 94083 34815 92841
7461 15
71691 67333 75232 14775 57470 6449 43512 52921 85828 33883 93578 10928 52605 96070 32557
9110 11
99103 78629 8444 67737 54757 93603 90052 34898 4345 84142 27498
5079 18
92329 40742 22152 33243 21014 89780 72914 5740 77706 96146 78166 56289 75525 65431 51137 81583 39335 76030
1430 17
52734 2531 86408 7339 7282 53609 41002 15871 68892 37841 18858 65702 26965 65737 222 89197 77859
6023 12
92097 27053 7563 61444 94561 82460 33275 99298 60407 64872 65630 90994
6780 16
3409 31645 83257 56361 78535 75593 49164 91344 12926 73856 48434 50718 51644 73428 95561 74977
146 20
93095 32080 98354 90250 73002 73303 59664 59044 99600 25537 78738 92092 75714 32433 49939 31293 14602 55777 88980 74324
5727 16
33461 96872 38556 83701 60416 28872 54857 88383 30788 11565 69950 44538 72842 61075 77155 39723
8305 18
54721 62895 33976 55034 12187 46303 68416 413 83764 38368 49195 68054 12372 81358 93597 5448 86177 82989
8068 20
48138 85603 49861 14876 21278 70103 94659 63084 57409 12653 37053 38135 92 40104 46044 69101 90397 42954 83303 53934
4410 15
12465 47167 47588 74005 56838 87899 12557 52460 10773 17371 84157 57603 66319 17971 41825
2534 13
3005 54764 98645 42354 57994 42677 98177 39222 10908 85254 51616 4306 23855
6596 14
99315 12096 56935 29311 22425 95766 93210 50204 68981 5521 71384 31486 7197 80286
3999 14
97302 56661 65489 13657 77440 48817 87352 3733 68419 12382 98584 34483 51204 22678
2402 11
2946 92810 22988 35838 47570 12370 27663 26911 56326 17679 32211
409 13
26805 36882 99395 87723 82107 65018 79345 31517 86246 19430 4815 4113 62239
247 18
35396 71602 14137 16172 65184 40687 43499 13643 80642 91211 18218 39329 49568 4658 100 87701 16418 8171
3366 14
68639 90620 66347 67260 31221 74387 36820 95492 90760 21837 32925 89534 6355 58042
8114 17
66413 82440 16507 72649 47504 7062 11472 2906 21459 5536 33419 835 74742 40193 18536 22604 9080
7041 19
30200 32666 33019 54500 38182 68331 69738 90387 85202 30254 9305 43836 58558 79212 62595 82351 53930 51591 42009
3287 11
64068 82783 35276 15295 26785 53392 36123 42747 56029 56994 29533
2846 19
86611 40708 41753 98739 75647 7492 20710 92210 65011 32465 95082 76610 19318 95158 13959 66593 68311 19006 52421
8764 13
77919 12752 83406 59495 33685 2711 78119 18008 4907 34912 14260 83761 52072
4945 18
64490 44565 35902 64189 81416 81959 48291 56026 41386 5168 88242 37659 36544 39078 15713 50153 17434 9268
1729 12
17113 96690 95331 68978 35250 5156 82914 49870 35581 85302 36402 40767
2444 14
33590 2126 55542 92861 86878 18285 14414 52392 88229 22128 71308 95984 65185 22071
2786 14
37310 15562 29626 88803 99560 10714 7537 53376 38790 72419 55427 25368 27246 34993
518 19
77077 46188 18559 96228 72282 61006 28857 87760 49205 39438 91668 45991 77244 23081 83144 2479 50495 17225 58061
7456 10
5913 92438 46250 98979 91990 77273 22606 32780 29892 24663
3468 17
57966 90099 12164 37840 41755 4055 51407 50882 24981 41808 44711 96138 10881 57213 64251 96985 31240
2816 15
10524 22929 45160 73720 28229 14992 98923 81484 55708 1099 43990 89434 48063 89651 38634
598 17
22983 41082 34182 27877 26583 76698 5124 31776 49949 26643 28543 38167 12772 19881 77880 71801 88798
819 20
42237 46521 9051 59985 38840 36913 46094 90790 375 71082 56750 30841 32648 36266 63321 83060 32313 4057 821 56340
1368 15
77213 3584 97240 36861 36841 95240 85216 39762 69989 64726 3557 21743 14971 1595 64162
4712 16
62935 57697 44771 71798 82550 41488 75400 78349 76110 34862 77387 59493 77327 96267 98770 66280
7508 14
49118 12060 66706 36291 29862 25479 35852 27972 24653 66478 94489 28843 26792 15332
7011 12
40662 84763 6931 76293 5233 255 17067 17006 53860 22447 9190 25666
9485 10
53390 16026 77376 63518 34768 64075 87186 20997 19675 38909
9597 10
20698 24022 74251 71968 44629 190 10198 13439 26851 14688
930 20
15374 77709 50122 98123 69882 32075 60154 30940 68671 24536 24066 64593 64149 69252 62830 8878 55988 31670 68975 76659
5576 15
44088 99639 32889 63046 28018 5988 46912 50507 25961 7155 26408 44996 51541 94925 54605
8146 19
75592 92510 47838 21442 67022 18813 12391 92858 82279 17571 82554 7461 7029 32684 621 97398 52829 89723 62558
2585 15
6786 34582 11139 67056 1673 6193 17454 33351 13156 66719 89694 26261 2636 9928 98609
2223 20
69148 89384 86021 12215 53435 4340 43538 21156 13851 60685 24687 62354 58984 76979 9075 84414 88019 33606 69846 16653
4938 20
83616 81378 78429 1015 25904 68451 63177 18616 9815 79391 61107 3511 51973 84557 75362 88649 78176 68058 14537 96512
9836 20
15151 78858 64956 79991 86374 32683 72558 92220 84746 85288 54368 65991 46523 10156 37094 34747 49563 32046 63244 93608
3620 11
42998 4277 20628 87428 43126 28868 55742 65404 59355 34521 17944
6236 20
95663 46152 89336 72514 26472 74537 37495 85494 43916 49075 71100 88550 89773 67257 89011 6736 31748 23755 21997 97316
5729 14
9679 11857 62526 78284 25445 91025 70942 67357 25651 85566 88117 30860 83887 61865
7080 14
70841 9682 73591 80729 96276 52564 69107 23203 7387 1663 85546 20008 51743 28581
9578 16
47747 3712 51584 58330 73406 92980 98155 54020 58147 83655 50051 42566 99890 23554 80471 73443
7061 11
82449 96559 2166 30271 8068 44336 4556 8813 27991 15791 65408
911 9
49666 88278 53806 52664 31140 89060 21230 60092 65194
4065 13
69141 69244 43537 90021 43277 33951 16624 59940 9496 6561 86029 50234 99292
2522 9
2737 21520 48114 57816 29387 54044 22330 46625 87932
9345 12
77424 72777 12103 64601 86483 69778 63499 48501 98084 4515 80380 75371
184 18
33542 80850 64993 69535 30330 41179 66491 29786 33259 31799 71043 34924 21874 87278 98043 33146 19888 40236
4862 15
39371 63098 52618 17003 65788 85868 33570 38422 42407 58240 54780 57702 31301 79787 53200
2257 11
37279 92596 8041 97877 53545 49709 35380 24086 83071 26567 44184
3930 16
9272 6208 5303 7767 1265 50402 23734 50483 29182 41465 17487 67629 52604 48897 77908 31848
8493 19
17796 46929 67179 23222 52495 64870 51494 33816 98137 28829 38151 11529 46814 39706 58613 82670 49013 19203 95865
165 18
70232 77458 56855 28355 37089 6338 82111 76135 81958 78600 57068 71402 78531 77356 91426 51720 33518 29967
5772 18
53135 33608 6692 16659 4031 1982 98318 48467 41831 84184 57570 23061 97814 84767 44449 93297 50064 53899
5164 20
47743 70548 86577 25602 25995 20458 50794 40348 84369 36117 53324 4679 81659 30040 27638 99252 5217 73833 21399 82170
3024 17
31865 41706 45251 12299 53926 49964 43465 84361 82881 84570 42858 12219 25728 20835 97879 17195 78881
9613 16
58365 79775 92883 37744 32315 20025 32738 67630 71390 14945 69480 97823 52099 1287 48896 81608
6385 15
98745 10866 97321 74546 96401 73316 91028 60313 62682 63976 84616 43475 93346 21740 63619
3791 14
59721 80437 86576 9819 97158 23402 52820 34366 90794 84014 61984 24097 40088 31939
3406 19
39556 22649 86708 67680 2525 55139 82917 53507 3749 37390 86556 77535 82683 84299 66604 2838 36740 33196 91345
4684 9
82189 25207 41616 57563 14547 75207 46343 58392 63262
7601 13
70028 60839 77438 51149 9712 30420 46716 48744 16892 31394 4908 83421 89117
1584 15
80641 55911 51502 39082 20516 67789 21771 11055 35610 87744 92745 95584 91937 41634 30631
9175 10
92670 8001 34377 70674 84644 5955 85071 59524 93150 10225
8312 17
59166 52796 38031 42879 59476 99131 80291 86888 92208 14213 68262 26682 11964 76255 79129 74136 58068
3574 14
50312 1382 5396 89510 25306 93652 95404 92606 27826 52862 98427 39596 28310 39552
1144 15
48740 2422 77586 46609 40411 45113 17329 29004 68075 26811 58892 7145 35918 32464 47724
1958 12
25806 17895 30599 11340 68944 6851 55623 56930 57066 10476 67480 47326
3319 10
51389 76019 71747 21953 35952 44241 69038 67646 26523 32881
6031 19
64514 70466 28802 89846 68286 76663 55313 94439 12241 32328 77082 99007 89317 13299 69625 25933 28934 23922 83325
7178 18
73537 92943 28941 28205 6418 7190 60660 70644 43564 932 22269 84338 53133 52879 49819 91401 98044 84549
4343 9
98181 2801 51840 27144 14267 30423 98499 63682 7638
1280 14
95291 40927 24561 21828 74915 69702 6302 30701 11998 28497 49583 11181 16211 12905
5077 18
43978 15771 46349 38513 40690 42553 16354 9076 48864 73937 62924 82116 42398 79743 40668 86166 99816 61882
1027 13
78440 7247 62220 99901 21811 89264 22579 20786 38751 64020 25834 46294 84410
3863 9
63139 90887 62399 79396 66112 99944 81534 4454 12835
6855 9
11995 39570 34803 64651 46589 17193 19505 268 30386
5822 14
39614 93004 63698 9529 91083 31719 42476 69439 91002 14078 23104 12740 83905 51761
3916 10
99473 90732 93158 88137 38239 87022 48830 28715 11667 44883
500 18
57125 91652 66310 83347 58655 98148 78037 25274 65414 62468 99206 71608 23993 53816 94222 22226 22260 98225
2426 16
62386 46011 29891 79815 47956 20121 83455 80268 32695 26876 57164 41980 15831 51424 36818 6297
5990 15
24991 72817 55817 8844 46525 30267 27051 70341 27750 71709 57778 17515 24689 35951 63765
1842 10
27023 81506 8019 20617 86868 40130 92422 99442 24906 64327
7098 11
90624 95965 70642 92652 7070 13858 89075 72707 18441 81733 33795
